-------------------------------------------------------------------------------
      name:  <unnamed>
       log:  P:\NEAR\NERA_Research\IoE_tmp\Programs\session.smcl
  log type:  smcl
 opened on:  23 Oct 2023, 14:30:09

. set more off

. 
. graph set window fontface "Times New Roman"

. 
. /////////////////////////////////////////////////////////////////////////////
> ///
> ////////// Midlife
> /////////////////////////////////////////////////////////////////////////////
> ///
> // Total sample
. clear

. input order estimate min95 max95 

         order   estimate      min95      max95
  1. 8 . . . 
  2. 7 1.24 1.09 1.41
  3. 6 1.24 1.08 1.42
  4. 5 1.33 1.17 1.52
  5. 4 . . .
  6. 3 2.08 1.42 3.05
  7. 2 1.82 1.42 2.34
  8. 1 1.55 1.25 1.92
  9. 
. 
. 
. end

. 
. label define jj      8 "                         " ///
>                                          7 "                         " ///
>                                          6 "                         " ///
>                      5 "                         " ///
>                                          4 "                         " ///
>                                          3 "                         " ///
>                      2 "                         " ///
>                                          1 "                         " ///
>                      0 "                         ", replace

. label value order jj 

. 
. twoway     (scatter order estimate if order !=. , yaxis(1) msize(vlarge) msym
> bol(d) mcolor(purple))  ///
>            (rcap min95 max95 order, yaxis(1) horizontal lc(purple)  ///
>                    title("{bf:Total sample}", position(11) justification(cent
> er))),  /// /* No title */
>                    xsize(12) ysize(12) /// /* The size of the plot - often ne
> eds modifications to get a good ratio */
>            xline(1, lc(black) lw(thin) lpattern(line))   /// /* This just giv
> es you a vertical line at HR=1 */
>                    xlabel(1 2 3, angle(horiz) format(%2.1fc) labsize(medsmall
> ))    /// /* This specifies where numbers are given on the x-axis */
>            xscale(log r(0.7 3.8))           /// /* This specifies the range o
> f the x-axis */
>            ylabel(,valuelabel angle(horiz) noticks nogrid)      yscale(noline
>  r(0.5 3.2)) /// /* And the scale of the y-axis */
>         legend(off)    /// /* Legend, text size etc */
>            scheme(s1mono) plotregion(style(none))    ///
>         xtitle(" ") ytitle(" ") ///
>                                 text(8 0.6 "{bf:Overweight}", yaxis(1) place(
> w) j(right) size(med))  ///
>                                 text(7 0.6 "Low PGS{subscript:BMI}", yaxis(1)
>  place(w) j(right) size(medsmall))  ///
>                                 text(6 0.6 "Medium PGS{subscript:BMI}", yaxis
> (1) place(w) j(right) size(medsmall))  ///
>                                 text(5 0.6 "High PGS{subscript:BMI}", yaxis(1
> ) place(w) j(right) size(medsmall))  ///
>                                 text(4 0.6 "{bf:Obesity}", yaxis(1) place(w) 
> j(right) size(med))  ///
>                                 text(3 0.6 "Low PGS{subscript:BMI}", yaxis(1)
>  place(w) j(right) size(medsmall))  ///
>                                 text(2 0.6 "Medium PGS{subscript:BMI}", yaxis
> (1) place(w) j(right) size(medsmall))  ///
>                                 text(1 0.6 "High PGS{subscript:BMI}", yaxis(1
> ) place(w) j(right) size(medsmall)) ///
>                 name(total, replace)
(note:  named style line not found in class linepattern, default attributes
    used)
(note:  named style med not found in class gsize, default attributes used)
(note:  named style med not found in class gsize, default attributes used)

. 
. /////////////////////////////////////////////////////////////////////////////
> ///
> // Men
. clear

. input order estimate min95 max95 

         order   estimate      min95      max95
  1. 8 . . . 
  2. 7 1.28 1.06 1.53
  3. 6 1.18 0.99 1.40
  4. 5 1.37 1.10 1.70
  5. 4 . . . 
  6. 3 1.96 1.15 3.27
  7. 2 1.72 1.07 2.40
  8. 1 1.44 0.92 1.94
  9. end

. 
. label define jj      8 "                         " ///
>                                          7 "                         " ///
>                                          6 "                         " ///
>                      5 "                         " ///
>                                          4 "                         " ///
>                                          3 "                         " ///
>                      2 "                         " ///
>                                          1 "                         " ///
>                      0 "                         ", replace

. label value order jj 

. 
. twoway     (scatter order estimate if order !=. , yaxis(1) msize(vlarge) msym
> bol(d) mcolor(ebblue))  ///
>            (rcap min95 max95 order, yaxis(1) horizontal lc(ebblue)  ///
>                    title("{bf:       Men}", position(11) justification(center
> ))),  /// /* No title */
>                    xsize(12) ysize(12) /// /* The size of the plot - often ne
> eds modifications to get a good ratio */
>            xline(1, lc(black) lw(thin) lpattern(line))   /// /* This just giv
> es you a vertical line at HR=1 */
>                    xlabel(1 2 3, angle(horiz) format(%2.1fc) labsize(medsmall
> ))    /// /* This specifies where numbers are given on the x-axis */
>            xscale(log r(0.7 3.8))           /// /* This specifies the range o
> f the x-axis */
>            ylabel(,valuelabel angle(horiz) noticks nogrid)      yscale(noline
>  r(0.5 3.2)) /// /* And the scale of the y-axis */
>         legend(off)    /// /* Legend, text size etc */
>            scheme(s1mono) plotregion(style(none))    ///
>         xtitle(" ") ytitle(" ") ///
>                                 text(8 0.6 "{bf:Overweight}", yaxis(1) place(
> w) j(right) size(med))  ///
>                                 text(7 0.6 "Low PGS{subscript:BMI}", yaxis(1)
>  place(w) j(right) size(medsmall))  ///
>                                 text(6 0.6 "Medium PGS{subscript:BMI}", yaxis
> (1) place(w) j(right) size(medsmall))  ///
>                                 text(5 0.6 "High PGS{subscript:BMI}", yaxis(1
> ) place(w) j(right) size(medsmall))  ///
>                                 text(4 0.6 "{bf:Obesity}", yaxis(1) place(w) 
> j(right) size(med))  ///
>                                 text(3 0.6 "Low PGS{subscript:BMI}", yaxis(1)
>  place(w) j(right) size(medsmall))  ///
>                                 text(2 0.6 "Medium PGS{subscript:BMI}", yaxis
> (1) place(w) j(right) size(medsmall))  ///
>                                 text(1 0.6 "High PGS{subscript:BMI}", yaxis(1
> ) place(w) j(right) size(medsmall)) ///
>                 name(men, replace)
(note:  named style line not found in class linepattern, default attributes
    used)
(note:  named style med not found in class gsize, default attributes used)
(note:  named style med not found in class gsize, default attributes used)

. 
. /////////////////////////////////////////////////////////////////////////////
> ///
> // Women
. clear

. input order estimate min95 max95

         order   estimate      min95      max95
  1. 8 . . . 
  2. 7 1.18 0.94 1.48
  3. 6 1.33 1.11 1.60
  4. 5 1.26 1.02 1.56
  5. 4 . . . 
  6. 3 2.18 1.27 3.74
  7. 2 1.93 1.37 2.71
  8. 1 1.66 1.23 2.22
  9. end

. 
. label define jj      8 "                         " ///
>                                          7 "                         " ///
>                                          6 "                         " ///
>                      5 "                         " ///
>                                          4 "                         " ///
>                                          3 "                         " ///
>                      2 "                         " ///
>                                          1 "                         " ///
>                      0 "                         ", replace

. label value order jj 

. 
. twoway     (scatter order estimate if order !=. , yaxis(1) msize(vlarge) msym
> bol(d) mcolor(maroon))  ///
>            (rcap min95 max95 order, yaxis(1) horizontal lc(maroon)  ///
>                    title("{bf:     Women}", position(11) justification(center
> ))),  /// /* No title */
>                    xsize(12) ysize(12) /// /* The size of the plot - often ne
> eds modifications to get a good ratio */
>            xline(1, lc(black) lw(thin) lpattern(line))   /// /* This just giv
> es you a vertical line at HR=1 */
>                    xlabel(1 2 3, angle(horiz) format(%2.1fc) labsize(medsmall
> ))    /// /* This specifies where numbers are given on the x-axis */
>            xscale(log r(0.7 3.8))           /// /* This specifies the range o
> f the x-axis */
>            ylabel(,valuelabel angle(horiz) noticks nogrid)      yscale(noline
>  r(0.5 3.2)) /// /* And the scale of the y-axis */
>         legend(off)    /// /* Legend, text size etc */
>            scheme(s1mono) plotregion(style(none))    ///
>         xtitle(" ") ytitle(" ") ///
>                                 text(8 0.6 "{bf:Overweight}", yaxis(1) place(
> w) j(right) size(med))  ///
>                                 text(7 0.6 "Low PGS{subscript:BMI}", yaxis(1)
>  place(w) j(right) size(medsmall))  ///
>                                 text(6 0.6 "Medium PGS{subscript:BMI}", yaxis
> (1) place(w) j(right) size(medsmall))  ///
>                                 text(5 0.6 "High PGS{subscript:BMI}", yaxis(1
> ) place(w) j(right) size(medsmall))  ///
>                                 text(4 0.6 "{bf:Obesity}", yaxis(1) place(w) 
> j(right) size(med))  ///
>                                 text(3 0.6 "Low PGS{subscript:BMI}", yaxis(1)
>  place(w) j(right) size(medsmall))  ///
>                                 text(2 0.6 "Medium PGS{subscript:BMI}", yaxis
> (1) place(w) j(right) size(medsmall))  ///
>                                 text(1 0.6 "High PGS{subscript:BMI}", yaxis(1
> ) place(w) j(right) size(medsmall)) ///
>                 name(women, replace)
(note:  named style line not found in class linepattern, default attributes
    used)
(note:  named style med not found in class gsize, default attributes used)
(note:  named style med not found in class gsize, default attributes used)

.                                 
. /////////////////////////////////////////////////////////////////////////////
> ///
> // Combine and export
. graph combine total men women, cols(3) title("{bf:a) Midlife}", ///
> position(11) justification(left)) ///
> scheme(s1mono) plotregion(style(none)) ysize(5cm) xsize(10.7cm)
(note:  named style line not found in class linepattern, default attributes
    used)
(note:  named style med not found in class gsize, default attributes used)
(note:  named style med not found in class gsize, default attributes used)
(note:  named style line not found in class linepattern, default attributes
    used)
(note:  named style med not found in class gsize, default attributes used)
(note:  named style med not found in class gsize, default attributes used)
(note:  named style line not found in class linepattern, default attributes
    used)
(note:  named style med not found in class gsize, default attributes used)
(note:  named style med not found in class gsize, default attributes used)

. 
. graph export "P:\Dementia_IK\SfoEpi\GPdisc_CVD\Output\GOSH\Forestplots_revisi
> on\Figure_2a_r2.eps", fontface("Times New Roman") replace
(file
    P:\Dementia_IK\SfoEpi\GPdisc_CVD\Output\GOSH\Forestplots_revision\Figure_
    > 2a_r2.eps not found)
file
    P:\Dementia_IK\SfoEpi\GPdisc_CVD\Output\GOSH\Forestplots_revision\Figure_
    > 2a_r2.eps saved as EPS format

. graph export "P:\Dementia_IK\SfoEpi\GPdisc_CVD\Output\GOSH\Forestplots_revisi
> on\Figure_2a_r2.tif", replace
(file
    P:\Dementia_IK\SfoEpi\GPdisc_CVD\Output\GOSH\Forestplots_revision\Figure_
    > 2a_r2.tif not found)
file
    P:\Dementia_IK\SfoEpi\GPdisc_CVD\Output\GOSH\Forestplots_revision\Figure_
    > 2a_r2.tif saved as TIFF format

. 
. /////////////////////////////////////////////////////////////////////////////
> ///
> ////////// Late-life
> /////////////////////////////////////////////////////////////////////////////
> ///
> // Total sample
. clear

. input order estimate min95 max95 

         order   estimate      min95      max95
  1. 8 . . . 
  2. 7 1.24 1.02 1.51
  3. 6 1.13 0.93 1.36
  4. 5 1.22 1.01 1.46
  5. 4 . . .
  6. 3 1.80 1.29 2.51
  7. 2 1.15 0.87 1.52
  8. 1 1.33 1.05 1.68
  9. 
. 
. 
. end

. 
. label define jj      8 "                         " ///
>                                          7 "                         " ///
>                                          6 "                         " ///
>                      5 "                         " ///
>                                          4 "                         " ///
>                                          3 "                         " ///
>                      2 "                         " ///
>                                          1 "                         " ///
>                      0 "                         ", replace

. label value order jj 

. 
. twoway     (scatter order estimate if order !=. , yaxis(1) msize(vlarge) msym
> bol(d) mcolor(purple))  ///
>            (rcap min95 max95 order, yaxis(1) horizontal lc(purple)  ///
>                    title("{bf:Total sample}", position(11) justification(cent
> er))),  /// /* No title */
>                    xsize(12) ysize(12) /// /* The size of the plot - often ne
> eds modifications to get a good ratio */
>            xline(1, lc(black) lw(thin) lpattern(line))   /// /* This just giv
> es you a vertical line at HR=1 */
>                    xlabel(1 2 3, angle(horiz) format(%2.1fc) labsize(medsmall
> ))    /// /* This specifies where numbers are given on the x-axis */
>            xscale(log r(0.7 3.8))           /// /* This specifies the range o
> f the x-axis */
>            ylabel(,valuelabel angle(horiz) noticks nogrid)      yscale(noline
>  r(0.5 3.2)) /// /* And the scale of the y-axis */
>         legend(off)    /// /* Legend, text size etc */
>            scheme(s1mono) plotregion(style(none))    ///
>         xtitle(" ") ytitle(" ") ///
>                                 text(8 0.6 "{bf:Overweight}", yaxis(1) place(
> w) j(right) size(med))  ///
>                                 text(7 0.6 "Low PGS{subscript:BMI}", yaxis(1)
>  place(w) j(right) size(medsmall))  ///
>                                 text(6 0.6 "Medium PGS{subscript:BMI}", yaxis
> (1) place(w) j(right) size(medsmall))  ///
>                                 text(5 0.6 "High PGS{subscript:BMI}", yaxis(1
> ) place(w) j(right) size(medsmall))  ///
>                                 text(4 0.6 "{bf:Obesity}", yaxis(1) place(w) 
> j(right) size(med))  ///
>                                 text(3 0.6 "Low PGS{subscript:BMI}", yaxis(1)
>  place(w) j(right) size(medsmall))  ///
>                                 text(2 0.6 "Medium PGS{subscript:BMI}", yaxis
> (1) place(w) j(right) size(medsmall))  ///
>                                 text(1 0.6 "High PGS{subscript:BMI}", yaxis(1
> ) place(w) j(right) size(medsmall)) ///
>                 name(total, replace)
(note:  named style line not found in class linepattern, default attributes
    used)
(note:  named style med not found in class gsize, default attributes used)
(note:  named style med not found in class gsize, default attributes used)

.                 
. /////////////////////////////////////////////////////////////////////////////
> ///
> // Men
. clear

. input order estimate min95 max95 

         order   estimate      min95      max95
  1. 8 . . . 
  2. 7 1.33 1.03 1.71
  3. 6 1.18 0.93 1.50
  4. 5 1.30 0.97 1.74
  5. 4 . . . 
  6. 3 1.65 0.79 3.42
  7. 2 1.26 0.86 1.84
  8. 1 1.31 0.92 1.87
  9. end

. 
. label define jj      8 "                         " ///
>                                          7 "                         " ///
>                                          6 "                         " ///
>                      5 "                         " ///
>                                          4 "                         " ///
>                                          3 "                         " ///
>                      2 "                         " ///
>                                          1 "                         " ///
>                      0 "                         ", replace

. label value order jj 

. 
. twoway     (scatter order estimate if order !=. , yaxis(1) msize(vlarge) msym
> bol(d) mcolor(ebblue))  ///
>            (rcap min95 max95 order, yaxis(1) horizontal lc(ebblue)  ///
>                    title("{bf:       Men}", position(11) justification(center
> ))),  /// /* No title */
>                    xsize(12) ysize(12) /// /* The size of the plot - often ne
> eds modifications to get a good ratio */
>            xline(1, lc(black) lw(thin) lpattern(line))   /// /* This just giv
> es you a vertical line at HR=1 */
>                    xlabel(1 2 3, angle(horiz) format(%2.1fc) labsize(medsmall
> ))    /// /* This specifies where numbers are given on the x-axis */
>            xscale(log r(0.7 3.8))           /// /* This specifies the range o
> f the x-axis */
>            ylabel(,valuelabel angle(horiz) noticks nogrid)      yscale(noline
>  r(0.5 3.2)) /// /* And the scale of the y-axis */
>         legend(off)    /// /* Legend, text size etc */
>            scheme(s1mono) plotregion(style(none))    ///
>         xtitle(" ") ytitle(" ") ///
>                                 text(8 0.6 "{bf:Overweight}", yaxis(1) place(
> w) j(right) size(medsmall))  ///
>                                 text(7 0.6 "Low PGS{subscript:BMI}", yaxis(1)
>  place(w) j(right) size(medsmall))  ///
>                                 text(6 0.6 "Medium PGS{subscript:BMI}", yaxis
> (1) place(w) j(right) size(medsmall))  ///
>                                 text(5 0.6 "High PGS{subscript:BMI}", yaxis(1
> ) place(w) j(right) size(medsmall))  ///
>                                 text(4 0.6 "{bf:Obesity}", yaxis(1) place(w) 
> j(right) size(medsmall))  ///
>                                 text(3 0.6 "Low PGS{subscript:BMI}", yaxis(1)
>  place(w) j(right) size(medsmall))  ///
>                                 text(2 0.6 "Medium PGS{subscript:BMI}", yaxis
> (1) place(w) j(right) size(medsmall))  ///
>                                 text(1 0.6 "High PGS{subscript:BMI}", yaxis(1
> ) place(w) j(right) size(medsmall)) ///
>                 name(men, replace)
(note:  named style line not found in class linepattern, default attributes
    used)

. 
. /////////////////////////////////////////////////////////////////////////////
> ///
> // Women
. clear

. input order estimate min95 max95 

         order   estimate      min95      max95
  1. 8 . . . 
  2. 7 1.14 0.89 1.46
  3. 6 1.03 0.81 1.29
  4. 5 1.11 0.85 1.47
  5. 4 . . . 
  6. 3 1.84 1.22 2.79
  7. 2 1.03 0.67 1.56
  8. 1 1.34 1.05 1.71
  9. end

. 
. label define jj      8 "                         " ///
>                                          7 "                         " ///
>                                          6 "                         " ///
>                      5 "                         " ///
>                                          4 "                         " ///
>                                          3 "                         " ///
>                      2 "                         " ///
>                                          1 "                         " ///
>                      0 "                         ", replace

. label value order jj 

. 
. twoway     (scatter order estimate if order !=. , yaxis(1) msize(vlarge) msym
> bol(d) mcolor(maroon))  ///
>            (rcap min95 max95 order, yaxis(1) horizontal lc(maroon)  ///
>                    title("{bf:     Women}", position(11) justification(center
> ))),  /// /* No title */
>                    xsize(12) ysize(12) /// /* The size of the plot - often ne
> eds modifications to get a good ratio */
>            xline(1, lc(black) lw(thin) lpattern(line))   /// /* This just giv
> es you a vertical line at HR=1 */
>                    xlabel(1 2 3, angle(horiz) format(%2.1fc) labsize(medsmall
> ))    /// /* This specifies where numbers are given on the x-axis */
>            xscale(log r(0.7 3.8))           /// /* This specifies the range o
> f the x-axis */
>            ylabel(,valuelabel angle(horiz) noticks nogrid)      yscale(noline
>  r(0.5 3.2)) /// /* And the scale of the y-axis */
>         legend(off)    /// /* Legend, text size etc */
>            scheme(s1mono) plotregion(style(none))    ///
>         xtitle(" ") ytitle(" ") ///
>                                 text(8 0.6 "{bf:Overweight}", yaxis(1) place(
> w) j(right) size(med))  ///
>                                 text(7 0.6 "Low PGS{subscript:BMI}", yaxis(1)
>  place(w) j(right) size(medsmall))  ///
>                                 text(6 0.6 "Medium PGS{subscript:BMI}", yaxis
> (1) place(w) j(right) size(medsmall))  ///
>                                 text(5 0.6 "High PGS{subscript:BMI}", yaxis(1
> ) place(w) j(right) size(medsmall))  ///
>                                 text(4 0.6 "{bf:Obesity}", yaxis(1) place(w) 
> j(right) size(med))  ///
>                                 text(3 0.6 "Low PGS{subscript:BMI}", yaxis(1)
>  place(w) j(right) size(medsmall))  ///
>                                 text(2 0.6 "Medium PGS{subscript:BMI}", yaxis
> (1) place(w) j(right) size(medsmall))  ///
>                                 text(1 0.6 "High PGS{subscript:BMI}", yaxis(1
> ) place(w) j(right) size(medsmall)) ///
>                 name(women, replace)    
(note:  named style line not found in class linepattern, default attributes
    used)
(note:  named style med not found in class gsize, default attributes used)
(note:  named style med not found in class gsize, default attributes used)

.         
. /////////////////////////////////////////////////////////////////////////////
> ///
> // Combine and export
. graph combine total men women, cols(3) title("{bf:b) Late-life}", ///
> position(11) justification(left)) ///
> scheme(s1mono) plotregion(style(none)) ysize(5cm) xsize(10.7cm)
(note:  named style line not found in class linepattern, default attributes
    used)
(note:  named style med not found in class gsize, default attributes used)
(note:  named style med not found in class gsize, default attributes used)
(note:  named style line not found in class linepattern, default attributes
    used)
(note:  named style line not found in class linepattern, default attributes
    used)
(note:  named style med not found in class gsize, default attributes used)
(note:  named style med not found in class gsize, default attributes used)

. 
. graph export "P:\Dementia_IK\SfoEpi\GPdisc_CVD\Output\GOSH\Forestplots_revisi
> on\Figure_2b_r2.eps", fontface("Times New Roman") replace
(file
    P:\Dementia_IK\SfoEpi\GPdisc_CVD\Output\GOSH\Forestplots_revision\Figure_
    > 2b_r2.eps not found)
file
    P:\Dementia_IK\SfoEpi\GPdisc_CVD\Output\GOSH\Forestplots_revision\Figure_
    > 2b_r2.eps saved as EPS format

. graph export "P:\Dementia_IK\SfoEpi\GPdisc_CVD\Output\GOSH\Forestplots_revisi
> on\Figure_2b_r2.tif", replace
(file
    P:\Dementia_IK\SfoEpi\GPdisc_CVD\Output\GOSH\Forestplots_revision\Figure_
    > 2b_r2.tif not found)
file
    P:\Dementia_IK\SfoEpi\GPdisc_CVD\Output\GOSH\Forestplots_revision\Figure_
    > 2b_r2.tif saved as TIFF format

.                                 
. /////////////////////////////////////////////////////////////////////////////
> ///////////////////////////////////
>                                                                              
>    ///// SAVING THE LOG/OUTPUT /////
> /////////////////////////////////////////////////////////////////////////////
> ///////////////////////////////////
> 
. log close
      name:  <unnamed>
       log:  P:\NEAR\NERA_Research\IoE_tmp\Programs\session.smcl
  log type:  smcl
 closed on:  23 Oct 2023, 14:30:18
-------------------------------------------------------------------------------
