-------------------------------------------------------------------------------
      name:  <unnamed>
       log:  C:\Users\idamat\OneDrive - Karolinska Institutet\Elsa\GPdisc_CVD\P
> rograms\session.smcl
  log type:  smcl
 opened on:  23 Oct 2023, 14:34:13

. set more off

. 
. /////////////////////////////////////////////////////////////////////////////
> ///
> ////////// Midlife
> /////////////////////////////////////////////////////////////////////////////
> ///
> // Total sample
. clear

. input order estimate min95 max95 grp

         order   estimate      min95      max95        grp
  1. 10 . . . .
  2. 9 . . . 0
  3. 8 2.04 1.43 2.91 0
  4. 7 1.21 0.95 2.90 1
  5. 6 . . . 0
  6. 5 1.81 1.41 2.32 0
  7. 4 1.02 0.95 2.58 1
  8. 3 . . . 0
  9. 2 1.54 1.27 1.87 0
 10. 1 1.29 0.95 3.22 1
 11. end

. 
. label define jj      10 "                         " ///
>                                          9 "                         " ///
>                                          8 "                         " ///
>                                          7 "                         " ///
>                                          6 "                         " ///
>                      5 "                         " ///
>                                          4 "                         " ///
>                                          3 "                         " ///
>                      2 "                         " ///
>                                          1 "                         " ///
>                      0 "                         ", replace

. label value order jj 

. 
. twoway     (scatter order estimate if order !=. & grp==0, yaxis(1) msize(vlar
> ge) msymbol(d) mcolor(purple))  ///
>            (rcap min95 max95 order if grp==0, yaxis(1) horizontal lc(purple) 
> title(""))  ///
>                    (scatter order estimate if order !=. & grp==1, yaxis(1) ms
> ize(vlarge) msymbol(d) mcolor(purple*0.6))  ///
>            (rcap min95 max95 order if grp==1, yaxis(1) horizontal lc(purple*0
> .6) title("")),  /// 
>                    xsize(12) ysize(12) /// /* The size of the plot - often ne
> eds modifications to get a good ratio */
>            xline(1, lc(black) lw(thin) lpattern(line))   /// /* This just giv
> es you a vertical line at HR=1 */
>                    xlabel(1 2 3, angle(horiz) format(%2.1fc) labsize(medsmall
> ))    /// /* This specifies where numbers are given on the x-axis */
>            xscale(log r(0.95 3.0))           /// /* This specifies the range 
> of the x-axis */
>            ylabel(,valuelabel angle(horiz) noticks nogrid)      yscale(noline
>  r(0.5 3.2)) /// /* And the scale of the y-axis */
>         legend(off)    /// /* Legend, text size etc */
>            scheme(s1mono) plotregion(style(none))    ///
>         xtitle(" ") ytitle(" ") ///
>                                 text(9 0.8 "{bf:Low PGS{subscript:BMI}}", yax
> is(1) place(w) j(right) size(medsmall))  ///
>                                 text(8 0.8 "Total sample", yaxis(1) place(w) 
> j(right) size(medsmall))  ///
>                                 text(7 0.8 "MZ twin pairs", yaxis(1) place(w)
>  j(right) size(medsmall))  ///
>                                 text(7 0.95 "[0.3]", yaxis(1) place(w) j(righ
> t) size(small))  ///
>                                 text(7 3.3 "[4.8]", yaxis(1) place(w) j(right
> ) size(small))  ///
>                                 text(6 0.8 "{bf:Medium PGS{subscript:BMI}}", 
> yaxis(1) place(w) j(right) size(medsmall))  ///
>                                 text(5 0.8 "Total sample", yaxis(1) place(w) 
> j(right) size(medsmall))  ///
>                                 text(4 0.8 "MZ twin pairs", yaxis(1) place(w)
>  j(right) size(medsmall))  ///
>                                 text(4 0.95 "[0.4]", yaxis(1) place(w) j(righ
> t) size(small))  ///
>                                 text(3 0.8 "{bf:High PGS{subscript:BMI}}", ya
> xis(1) place(w) j(right) size(medsmall))  ///
>                                 text(2 0.8 "Total sample", yaxis(1) place(w) 
> j(right) size(medsmall))  ///
>                                 text(1 0.8 "MZ twin pairs", yaxis(1) place(w)
>  j(right) size(medsmall)) ///
>                                 text(1 0.95 "[0.5]", yaxis(1) place(w) j(righ
> t) size(small)) 
(note:  named style line not found in class linepattern, default attributes
    used)

.                                 
. graph export "P:\Dementia_IK\SfoEpi\GPdisc_CVD\Output\GOSH\Forestplots_revisi
> on\Figure_3_r2.tif", replace 
(file
    P:\Dementia_IK\SfoEpi\GPdisc_CVD\Output\GOSH\Forestplots_revision\Figure_
    > 3_r2.tif not found)
file
    P:\Dementia_IK\SfoEpi\GPdisc_CVD\Output\GOSH\Forestplots_revision\Figure_
    > 3_r2.tif saved as TIFF format

. graph export "P:\Dementia_IK\SfoEpi\GPdisc_CVD\Output\GOSH\Forestplots_revisi
> on\Figure_3_r2.eps", fontface("Times New Roman") replace 
(file
    P:\Dementia_IK\SfoEpi\GPdisc_CVD\Output\GOSH\Forestplots_revision\Figure_
    > 3_r2.eps not found)
file
    P:\Dementia_IK\SfoEpi\GPdisc_CVD\Output\GOSH\Forestplots_revision\Figure_
    > 3_r2.eps saved as EPS format

. 
. /////////////////////////////////////////////////////////////////////////////
> ///////////////////////////////////
>                                                                              
>    ///// SAVING THE LOG/OUTPUT /////
> /////////////////////////////////////////////////////////////////////////////
> ///////////////////////////////////
> 
. log close
      name:  <unnamed>
       log:  C:\Users\idamat\OneDrive - Karolinska Institutet\Elsa\GPdisc_CVD\P
> rograms\session.smcl
  log type:  smcl
 closed on:  23 Oct 2023, 14:34:14
-------------------------------------------------------------------------------
