-------------------------------------------------------------------------------
      name:  <unnamed>
       log:  P:\Dementia_IK\SfoEpi\GPdisc_CVD\Programs\GOSH\session.smcl
  log type:  smcl
 opened on:  25 Jan 2023, 09:35:07

. set more off

. 
. use "P:\Dementia_IK\SfoEpi\GPdisc_CVD\Data\GOSH\GPdisc_CVD_STR_adata_20221212
> .dta", clear

. 
. /////////////////////////////////////////////////////////////////////////////
> ///////////////////////////////////
>                                                                              
>    // DATA MANAGEMENT //
. /////////////////////////////////////////////////////////////////////////////
> ///////////////////////////////////
> 
. /// Dropping those missing latelife BMI
> drop if BMIlate==.
(11,396 observations deleted)

. tab sex, mi

        sex |      Freq.     Percent        Cum.
------------+-----------------------------------
          1 |      3,275       49.68       49.68
          2 |      3,317       50.32      100.00
------------+-----------------------------------
      Total |      6,592      100.00

. // remaining n=6592
. 
. /// CAtegorize
> gen BMIlate_cat=1 if BMIlate>=18.5 & BMIlate <25
(3,751 missing values generated)

. replace BMIlate_cat=2 if BMIlate>=25 & BMIlate <30
(2,872 real changes made)

. replace BMIlate_cat=3 if BMIlate!=. & BMIlate >=30
(879 real changes made)

. 
. tab BMIlate_cat, mi

BMIlate_cat |      Freq.     Percent        Cum.
------------+-----------------------------------
          1 |      2,841       43.10       43.10
          2 |      2,872       43.57       86.67
          3 |        879       13.33      100.00
------------+-----------------------------------
      Total |      6,592      100.00

. 
. // Only 13 in SALT-Y - will add them to TwinGene for standardization and stud
> y adjustment as they are both from SALT, and the PRSs are close to identical 
> in the full samples
. replace study="TwinGene" if study=="SALT-Y"
(16 real changes made)

. 
. egen PRS_BMI_grpm= mean(PRS_BMI_PCadj), by(study)

. egen PRS_BMI_grpsd= sd(PRS_BMI_PCadj), by(study)

. gen z_PRS_BMI_PCadj= (PRS_BMI_PCadj-PRS_BMI_grpm)/PRS_BMI_grpsd

. 
. // Tertiles
. xtile tert_PRS_BMI = z_PRS_BMI_PCadj, nquantiles(3)

. 
. /////////////////////////////////////////////////////////////////////////////
> ///////////////////////////////////
>                                                         ///// SETTING UP THE 
> SURVIVAL DATA, BMI MID /////
> /////////////////////////////////////////////////////////////////////////////
> ///////////////////////////////////
> // Create crtime as CVD dx, death, or alive
. generate crtime = reg_CVDany_age if (reg_CVDany_age <= age_death) // uses imp
> licit ordering of missing, gah
(3,828 missing values generated)

. replace  crtime = age_death if (reg_CVDany_age > age_death) // uses implicit 
> ordering of missing, gah
(1,105 real changes made)

. replace  crtime = lastage if missing(reg_CVDany_age) & missing(age_death)
(2,723 real changes made)

. generate crstatus = 1 if (reg_CVDany_age <= age_death) // uses implicit order
> ing of missing, gah
(1,105 missing values generated)

. replace  crstatus = 2 if (reg_CVDany_age > age_death)  // uses implicit order
> ing of missing, gah
(1,105 real changes made)

. replace  crstatus = 0 if missing(reg_CVDany_age) & missing(age_death)
(2,723 real changes made)

. tab crstatus, mi

   crstatus |      Freq.     Percent        Cum.
------------+-----------------------------------
          0 |      2,723       41.31       41.31
          1 |      2,764       41.93       83.24
          2 |      1,105       16.76      100.00
------------+-----------------------------------
      Total |      6,592      100.00

. /* crstatus |      Freq.     Percent        Cum.
> ------------+-----------------------------------
>           0 |      2,723       41.31       41.31
>           1 |      2,764       41.93       83.24
>           2 |      1,105       16.76      100.00
> ------------+-----------------------------------
>       Total |      6,592      100.00
> */
. 
. // Setting up the competing risk data with CVD as outcome, and death as the c
> ompeting event
. // You need to tell stata the following:
. // 1. When you start following individuals: enter(age)
. // 2. When you stop following them: crtime (created above)
. // 3. What the main event/failure is: failure(crstatus==1) (the dementia/deat
> h variable created)
. stset crtime, failure(crstatus==1) id(twinnr) enter(BMIlate_age)

Survival-time data settings

           ID variable: twinnr
         Failure event: crstatus==1
Observed time interval: (crtime[_n-1], crtime]
     Enter on or after: time BMIlate_age
     Exit on or before: failure

--------------------------------------------------------------------------
      6,592  total observations
      1,104  observations end on or before enter()
--------------------------------------------------------------------------
      5,488  observations remaining, representing
      5,488  subjects
      1,681  failures in single-failure-per-subject data
     50,614  total analysis time at risk and under observation
                                                At risk from t =         0
                                     Earliest observed entry t =        65
                                          Last observed exit t =       104

. /*------------------------------------------------------------------------
>        6,592  total observations
>       1,104  observations end on or before enter()
> --------------------------------------------------------------------------
>       5,488  observations remaining, representing
>       5,488  subjects
>       1,681  failures in single-failure-per-subject data
>      50,614  total analysis time at risk and under observation
>                                                 At risk from t =         0
>                                      Earliest observed entry t =        65
>                                           Last observed exit t =       104
> */
. 
. list twinnr BMIlate_age age_death reg_CVDany_age crtime lastage reg_CVDany cr
> status _t0 _t _d _st in 1/30, noobs

  +-----------------------------------------------------------------------+
  | twinnr | BMIla~ge | age_de~h | re~y_age | crtime | lastage | reg_CV~y |
  |    241 |       74 |       89 |       89 |     89 |      89 |        1 |
  |------------------------------+----------------------------------------|
  |    crstatus     |    _t0     |      _t     |     _d     |     _st     |
  |           1     |     74     |      89     |      1     |       1     |
  +-----------------------------------------------------------------------+

  +-----------------------------------------------------------------------+
  | twinnr | BMIla~ge | age_de~h | re~y_age | crtime | lastage | reg_CV~y |
  |    242 |       74 |        . |       82 |     82 |      90 |        1 |
  |------------------------------+----------------------------------------|
  |    crstatus     |    _t0     |      _t     |     _d     |     _st     |
  |           1     |     74     |      82     |      1     |       1     |
  +-----------------------------------------------------------------------+

  +-----------------------------------------------------------------------+
  | twinnr | BMIla~ge | age_de~h | re~y_age | crtime | lastage | reg_CV~y |
  |   1642 |       67 |      100 |        . |    100 |     100 |        0 |
  |------------------------------+----------------------------------------|
  |    crstatus     |    _t0     |      _t     |     _d     |     _st     |
  |           2     |     67     |     100     |      0     |       1     |
  +-----------------------------------------------------------------------+

  +-----------------------------------------------------------------------+
  | twinnr | BMIla~ge | age_de~h | re~y_age | crtime | lastage | reg_CV~y |
  |   2171 |       74 |       90 |       48 |     48 |      90 |        1 |
  |------------------------------+----------------------------------------|
  |    crstatus     |    _t0     |      _t     |     _d     |     _st     |
  |           1     |      .     |       .     |      .     |       0     |
  +-----------------------------------------------------------------------+

  +-----------------------------------------------------------------------+
  | twinnr | BMIla~ge | age_de~h | re~y_age | crtime | lastage | reg_CV~y |
  |   2321 |       72 |       83 |       74 |     74 |      83 |        1 |
  |------------------------------+----------------------------------------|
  |    crstatus     |    _t0     |      _t     |     _d     |     _st     |
  |           1     |     72     |      74     |      1     |       1     |
  +-----------------------------------------------------------------------+

  +-----------------------------------------------------------------------+
  | twinnr | BMIla~ge | age_de~h | re~y_age | crtime | lastage | reg_CV~y |
  |   2322 |       72 |       82 |       58 |     58 |      82 |        1 |
  |------------------------------+----------------------------------------|
  |    crstatus     |    _t0     |      _t     |     _d     |     _st     |
  |           1     |      .     |       .     |      .     |       0     |
  +-----------------------------------------------------------------------+

  +-----------------------------------------------------------------------+
  | twinnr | BMIla~ge | age_de~h | re~y_age | crtime | lastage | reg_CV~y |
  |   2372 |       74 |        . |        . |     90 |      90 |        0 |
  |------------------------------+----------------------------------------|
  |    crstatus     |    _t0     |      _t     |     _d     |     _st     |
  |           0     |     74     |      90     |      0     |       1     |
  +-----------------------------------------------------------------------+

  +-----------------------------------------------------------------------+
  | twinnr | BMIla~ge | age_de~h | re~y_age | crtime | lastage | reg_CV~y |
  |   2381 |       73 |        . |        . |     90 |      90 |        0 |
  |------------------------------+----------------------------------------|
  |    crstatus     |    _t0     |      _t     |     _d     |     _st     |
  |           0     |     73     |      90     |      0     |       1     |
  +-----------------------------------------------------------------------+

  +-----------------------------------------------------------------------+
  | twinnr | BMIla~ge | age_de~h | re~y_age | crtime | lastage | reg_CV~y |
  |   2441 |       75 |       89 |        . |     89 |      89 |        0 |
  |------------------------------+----------------------------------------|
  |    crstatus     |    _t0     |      _t     |     _d     |     _st     |
  |           2     |     75     |      89     |      0     |       1     |
  +-----------------------------------------------------------------------+

  +-----------------------------------------------------------------------+
  | twinnr | BMIla~ge | age_de~h | re~y_age | crtime | lastage | reg_CV~y |
  |   2661 |       73 |        . |       66 |     66 |      90 |        1 |
  |------------------------------+----------------------------------------|
  |    crstatus     |    _t0     |      _t     |     _d     |     _st     |
  |           1     |      .     |       .     |      .     |       0     |
  +-----------------------------------------------------------------------+

  +-----------------------------------------------------------------------+
  | twinnr | BMIla~ge | age_de~h | re~y_age | crtime | lastage | reg_CV~y |
  |   2671 |       74 |       87 |        . |     87 |      87 |        0 |
  |------------------------------+----------------------------------------|
  |    crstatus     |    _t0     |      _t     |     _d     |     _st     |
  |           2     |     74     |      87     |      0     |       1     |
  +-----------------------------------------------------------------------+

  +-----------------------------------------------------------------------+
  | twinnr | BMIla~ge | age_de~h | re~y_age | crtime | lastage | reg_CV~y |
  |   5251 |       90 |       93 |       93 |     93 |      93 |        1 |
  |------------------------------+----------------------------------------|
  |    crstatus     |    _t0     |      _t     |     _d     |     _st     |
  |           1     |     90     |      93     |      1     |       1     |
  +-----------------------------------------------------------------------+

  +-----------------------------------------------------------------------+
  | twinnr | BMIla~ge | age_de~h | re~y_age | crtime | lastage | reg_CV~y |
  |   5301 |       93 |       95 |       94 |     94 |      95 |        1 |
  |------------------------------+----------------------------------------|
  |    crstatus     |    _t0     |      _t     |     _d     |     _st     |
  |           1     |     93     |      94     |      1     |       1     |
  +-----------------------------------------------------------------------+

  +-----------------------------------------------------------------------+
  | twinnr | BMIla~ge | age_de~h | re~y_age | crtime | lastage | reg_CV~y |
  |   5401 |       89 |       97 |       97 |     97 |      97 |        1 |
  |------------------------------+----------------------------------------|
  |    crstatus     |    _t0     |      _t     |     _d     |     _st     |
  |           1     |     89     |      97     |      1     |       1     |
  +-----------------------------------------------------------------------+

  +-----------------------------------------------------------------------+
  | twinnr | BMIla~ge | age_de~h | re~y_age | crtime | lastage | reg_CV~y |
  |   5432 |       89 |       95 |        . |     95 |      95 |        0 |
  |------------------------------+----------------------------------------|
  |    crstatus     |    _t0     |      _t     |     _d     |     _st     |
  |           2     |     89     |      95     |      0     |       1     |
  +-----------------------------------------------------------------------+

  +-----------------------------------------------------------------------+
  | twinnr | BMIla~ge | age_de~h | re~y_age | crtime | lastage | reg_CV~y |
  |   5442 |       89 |       94 |       88 |     88 |      94 |        1 |
  |------------------------------+----------------------------------------|
  |    crstatus     |    _t0     |      _t     |     _d     |     _st     |
  |           1     |      .     |       .     |      .     |       0     |
  +-----------------------------------------------------------------------+

  +-----------------------------------------------------------------------+
  | twinnr | BMIla~ge | age_de~h | re~y_age | crtime | lastage | reg_CV~y |
  |   5492 |       90 |       91 |       91 |     91 |      91 |        1 |
  |------------------------------+----------------------------------------|
  |    crstatus     |    _t0     |      _t     |     _d     |     _st     |
  |           1     |     90     |      91     |      1     |       1     |
  +-----------------------------------------------------------------------+

  +-----------------------------------------------------------------------+
  | twinnr | BMIla~ge | age_de~h | re~y_age | crtime | lastage | reg_CV~y |
  |   5652 |       89 |       90 |       90 |     90 |      90 |        1 |
  |------------------------------+----------------------------------------|
  |    crstatus     |    _t0     |      _t     |     _d     |     _st     |
  |           1     |     89     |      90     |      1     |       1     |
  +-----------------------------------------------------------------------+

  +-----------------------------------------------------------------------+
  | twinnr | BMIla~ge | age_de~h | re~y_age | crtime | lastage | reg_CV~y |
  |  11501 |       67 |       96 |       94 |     94 |      96 |        1 |
  |------------------------------+----------------------------------------|
  |    crstatus     |    _t0     |      _t     |     _d     |     _st     |
  |           1     |     67     |      94     |      1     |       1     |
  +-----------------------------------------------------------------------+

  +-----------------------------------------------------------------------+
  | twinnr | BMIla~ge | age_de~h | re~y_age | crtime | lastage | reg_CV~y |
  |  12001 |       67 |      100 |        . |    100 |     100 |        0 |
  |------------------------------+----------------------------------------|
  |    crstatus     |    _t0     |      _t     |     _d     |     _st     |
  |           2     |     67     |     100     |      0     |       1     |
  +-----------------------------------------------------------------------+

  +-----------------------------------------------------------------------+
  | twinnr | BMIla~ge | age_de~h | re~y_age | crtime | lastage | reg_CV~y |
  |  13122 |       69 |       98 |        . |     98 |      98 |        0 |
  |------------------------------+----------------------------------------|
  |    crstatus     |    _t0     |      _t     |     _d     |     _st     |
  |           2     |     69     |      98     |      0     |       1     |
  +-----------------------------------------------------------------------+

  +-----------------------------------------------------------------------+
  | twinnr | BMIla~ge | age_de~h | re~y_age | crtime | lastage | reg_CV~y |
  |  16591 |       68 |      102 |        . |    102 |     102 |        0 |
  |------------------------------+----------------------------------------|
  |    crstatus     |    _t0     |      _t     |     _d     |     _st     |
  |           2     |     68     |     102     |      0     |       1     |
  +-----------------------------------------------------------------------+

  +-----------------------------------------------------------------------+
  | twinnr | BMIla~ge | age_de~h | re~y_age | crtime | lastage | reg_CV~y |
  |  16592 |       68 |       90 |        . |     90 |      90 |        0 |
  |------------------------------+----------------------------------------|
  |    crstatus     |    _t0     |      _t     |     _d     |     _st     |
  |           2     |     68     |      90     |      0     |       1     |
  +-----------------------------------------------------------------------+

  +-----------------------------------------------------------------------+
  | twinnr | BMIla~ge | age_de~h | re~y_age | crtime | lastage | reg_CV~y |
  |  17831 |       88 |       99 |        . |     99 |      99 |        0 |
  |------------------------------+----------------------------------------|
  |    crstatus     |    _t0     |      _t     |     _d     |     _st     |
  |           2     |     88     |      99     |      0     |       1     |
  +-----------------------------------------------------------------------+

  +-----------------------------------------------------------------------+
  | twinnr | BMIla~ge | age_de~h | re~y_age | crtime | lastage | reg_CV~y |
  |  17832 |       88 |       97 |        . |     97 |      97 |        0 |
  |------------------------------+----------------------------------------|
  |    crstatus     |    _t0     |      _t     |     _d     |     _st     |
  |           2     |     88     |      97     |      0     |       1     |
  +-----------------------------------------------------------------------+

  +-----------------------------------------------------------------------+
  | twinnr | BMIla~ge | age_de~h | re~y_age | crtime | lastage | reg_CV~y |
  |  19101 |       67 |       97 |       97 |     97 |      97 |        1 |
  |------------------------------+----------------------------------------|
  |    crstatus     |    _t0     |      _t     |     _d     |     _st     |
  |           1     |     67     |      97     |      1     |       1     |
  +-----------------------------------------------------------------------+

  +-----------------------------------------------------------------------+
  | twinnr | BMIla~ge | age_de~h | re~y_age | crtime | lastage | reg_CV~y |
  |  19701 |       66 |       95 |        . |     95 |      95 |        0 |
  |------------------------------+----------------------------------------|
  |    crstatus     |    _t0     |      _t     |     _d     |     _st     |
  |           2     |     66     |      95     |      0     |       1     |
  +-----------------------------------------------------------------------+

  +-----------------------------------------------------------------------+
  | twinnr | BMIla~ge | age_de~h | re~y_age | crtime | lastage | reg_CV~y |
  |  19702 |       66 |       94 |        . |     94 |      94 |        0 |
  |------------------------------+----------------------------------------|
  |    crstatus     |    _t0     |      _t     |     _d     |     _st     |
  |           2     |     66     |      94     |      0     |       1     |
  +-----------------------------------------------------------------------+

  +-----------------------------------------------------------------------+
  | twinnr | BMIla~ge | age_de~h | re~y_age | crtime | lastage | reg_CV~y |
  |  21121 |       74 |       81 |       63 |     63 |      81 |        1 |
  |------------------------------+----------------------------------------|
  |    crstatus     |    _t0     |      _t     |     _d     |     _st     |
  |           1     |      .     |       .     |      .     |       0     |
  +-----------------------------------------------------------------------+

  +-----------------------------------------------------------------------+
  | twinnr | BMIla~ge | age_de~h | re~y_age | crtime | lastage | reg_CV~y |
  |  21122 |       74 |       84 |       71 |     71 |      84 |        1 |
  |------------------------------+----------------------------------------|
  |    crstatus     |    _t0     |      _t     |     _d     |     _st     |
  |           1     |      .     |       .     |      .     |       0     |
  +-----------------------------------------------------------------------+

. 
. stdes

         Failure _d: crstatus==1
   Analysis time _t: crtime
  Enter on or after: time BMIlate_age
        ID variable: twinnr

                                   |-------------- Per subject --------------|
Category                   Total        Mean         Min     Median        Max
------------------------------------------------------------------------------
Number of subjects          5488   
Number of records           5488           1           1          1          1

Entry time (first)                  71.75711          65         71         94
Exit time (final)                   80.97977          66         80        104

Subjects with gap              0   
Time on gap                    0           .           .          .          .
Time at risk               50614    9.222668           1         10         36

Failures                    1681    .3063047           0          0          1
------------------------------------------------------------------------------

. /*       Failure _d: crstatus==1
>    Analysis time _t: crtime
>   Enter on or after: time BMIlate_age
>         ID variable: twinnr
> 
>                                    |-------------- Per subject --------------
> |
> Category                   Total        Mean         Min     Median        Ma
> x
> -----------------------------------------------------------------------------
> -
> Number of subjects          5488   
> Number of records           5488           1           1          1          
> 1
> 
> Entry time (first)                  71.75711          65         71         9
> 4
> Exit time (final)                   80.97977          66         80        10
> 4
> 
> Subjects with gap              0   
> Time on gap                    0           .           .          .          
> .
> Time at risk               50614    9.222668           1         10         3
> 6
> 
> Failures                    1681    .3063047           0          0          
> 1
> -----------------------------------------------------------------------------
> -
> */
. 
. /////////////////////////////////////////////////////////////////////////////
> ///////////////////////////////////
>                                                                         /////
>  SURVIVAL ANALYSES /////
> /////////////////////////////////////////////////////////////////////////////
> ///////////////////////////////////
> 
. // Numeric studyn
. encode study, gen(studyn)

. 
. cap postclose coxreg_cvd

.         postfile coxreg_cvd str26  (sex BMIind_ow BMIind_ob PRSind BMIjnt_ow 
> BMIjnt_ob PRSjnt ///
>                                                                 BMIint_ow BMI
> int_ob PRSint BMI_PRSint_ow BMI_PRSint_ob ///
>                                                                 PRS_c1_ow PRS
> _c2_ow PRS_c3_ow PRS_c1_ob PRS_c2_ob PRS_c3_ob) ///
>                                                                 using P:\Deme
> ntia_IK\SfoEpi\GPdisc_CVD\Output\GOSH\GPdisc_CVD_STR_analyses_20230119_comp_r
> isk_late_CVDany.dta, replace

.         set more off

.         // BMI, categorical
.         stcrreg i.BMIlate_cat educ sex smoke i.studyn, compete(crstatus==2) v
> ce(cluster pairid)

         Failure _d: crstatus==1
   Analysis time _t: crtime
  Enter on or after: time BMIlate_age
        ID variable: twinnr

Iteration 0:   log pseudolikelihood = -12790.031  
Iteration 1:   log pseudolikelihood =   -12784.5  
Iteration 2:   log pseudolikelihood =   -12784.5  

Competing-risks regression                        No. of obs      =      5,488
                                                  No. of subjects =      5,488
Failure event:   crstatus == 1                    No. failed      =      1,681
Competing event: crstatus == 2                    No. competing   =      1,084
                                                  No. censored    =      2,723

                                                  Wald chi2(6)    =     140.97
Log pseudolikelihood =   -12784.5                 Prob > chi2     =     0.0000

                             (Std. err. adjusted for 3,818 clusters in pairid)
------------------------------------------------------------------------------
             |               Robust
          _t |        SHR   std. err.      z    P>|z|     [95% conf. interval]
-------------+----------------------------------------------------------------
 BMIlate_cat |
          2  |   1.187358   .0633737     3.22   0.001     1.069424    1.318297
          3  |    1.33237   .1013312     3.77   0.000     1.147858    1.546541
             |
        educ |   .8454579   .0435347    -3.26   0.001     .7642959    .9352388
         sex |   .6883597   .0354145    -7.26   0.000     .6223334     .761391
       smoke |   1.065576   .0546689     1.24   0.216      .963638    1.178297
             |
      studyn |
   TwinGene  |   .6581435    .037672    -7.31   0.000     .5882989    .7362804
------------------------------------------------------------------------------

.         lincom 2.BMIlate_cat

 ( 1)  [eq1]2.BMIlate_cat = 0

------------------------------------------------------------------------------
          _t | Coefficient  Std. err.      z    P>|z|     [95% conf. interval]
-------------+----------------------------------------------------------------
         (1) |   .1717305   .0533737     3.22   0.001       .06712    .2763411
------------------------------------------------------------------------------

.                 local m_BMIind_ow = r(estimate)

.                 local se_BMIind_ow = r(se)

.                 local Lci_BMIind_ow = exp(`m_BMIind_ow'-1.96*`se_BMIind_ow')

.                 local Uci_BMIind_ow = exp(`m_BMIind_ow'+1.96*`se_BMIind_ow')

.                 local p_BMIind_ow = r(p) 

.                 local BMIind_ow= string(exp(`m_BMIind_ow'),"%9.2f")+" ("+stri
> ng(`Lci_BMIind_ow',"%9.2f")+"-"+string(`Uci_BMIind_ow',"%9.2f")+")"+", p="+st
> ring(`p_BMIind_ow',"%9.3f")

.         lincom 3.BMIlate_cat

 ( 1)  [eq1]3.BMIlate_cat = 0

------------------------------------------------------------------------------
          _t | Coefficient  Std. err.      z    P>|z|     [95% conf. interval]
-------------+----------------------------------------------------------------
         (1) |   .2869591   .0760534     3.77   0.000     .1378972    .4360211
------------------------------------------------------------------------------

.                 local m_BMIind_ob = r(estimate)

.                 local se_BMIind_ob = r(se)

.                 local Lci_BMIind_ob = exp(`m_BMIind_ob'-1.96*`se_BMIind_ob')

.                 local Uci_BMIind_ob = exp(`m_BMIind_ob'+1.96*`se_BMIind_ob')

.                 local p_BMIind_ob = r(p)

.                 local BMIind_ob= string(exp(`m_BMIind_ob'),"%9.2f")+" ("+stri
> ng(`Lci_BMIind_ob',"%9.2f")+"-"+string(`Uci_BMIind_ob',"%9.2f")+")"+", p="+st
> ring(`p_BMIind_ob',"%9.3f")

.                 
.         // PRSbmi model
.         stcrreg z_PRS_BMI_PCadj educ sex smoke i.studyn, compete(crstatus==2)
>  vce(cluster pairid) 

         Failure _d: crstatus==1
   Analysis time _t: crtime
  Enter on or after: time BMIlate_age
        ID variable: twinnr

Iteration 0:   log pseudolikelihood = -12795.934  
Iteration 1:   log pseudolikelihood = -12790.281  
Iteration 2:   log pseudolikelihood =  -12790.28  

Competing-risks regression                        No. of obs      =      5,488
                                                  No. of subjects =      5,488
Failure event:   crstatus == 1                    No. failed      =      1,681
Competing event: crstatus == 2                    No. competing   =      1,084
                                                  No. censored    =      2,723

                                                  Wald chi2(5)    =     128.91
Log pseudolikelihood =  -12790.28                 Prob > chi2     =     0.0000

                              (Std. err. adjusted for 3,818 clusters in pairid)
-------------------------------------------------------------------------------
              |               Robust
           _t |        SHR   std. err.      z    P>|z|     [95% conf. interval]
--------------+----------------------------------------------------------------
z_PRS_BMI_P~j |    1.06568   .0269984     2.51   0.012     1.014057    1.119932
         educ |   .8382014   .0430186    -3.44   0.001     .7579885    .9269027
          sex |    .684104   .0350539    -7.41   0.000     .6187369    .7563768
        smoke |   1.055807   .0539801     1.06   0.288     .9551362    1.167088
              |
       studyn |
    TwinGene  |   .6570671   .0375944    -7.34   0.000     .5873647    .7350412
-------------------------------------------------------------------------------

.         lincom z_PRS_BMI_PCadj 

 ( 1)  [eq1]z_PRS_BMI_PCadj = 0

------------------------------------------------------------------------------
          _t | Coefficient  Std. err.      z    P>|z|     [95% conf. interval]
-------------+----------------------------------------------------------------
         (1) |   .0636135   .0253344     2.51   0.012     .0139589    .1132681
------------------------------------------------------------------------------

.                 local m_PRSind = r(estimate)

.                 local se_PRSind = r(se)

.                 local Lci_PRSind = exp(`m_PRSind'-1.96*`se_PRSind')

.                 local Uci_PRSind = exp(`m_PRSind'+1.96*`se_PRSind')

.                 local p_PRSind = r(p)

.                 local PRSind= string(exp(`m_PRSind'),"%9.2f")+" ("+string(`Lc
> i_PRSind',"%9.2f")+"-"+string(`Uci_PRSind',"%9.2f")+")"+", p="+string(`p_PRSi
> nd',"%9.3f")

. 
.         // BMI + PRS model
.         stcrreg i.BMIlate_cat z_PRS_BMI_PCadj educ sex smoke i.studyn, compet
> e(crstatus==2) vce(cluster pairid) 

         Failure _d: crstatus==1
   Analysis time _t: crtime
  Enter on or after: time BMIlate_age
        ID variable: twinnr

Iteration 0:   log pseudolikelihood = -12789.218  
Iteration 1:   log pseudolikelihood = -12783.377  
Iteration 2:   log pseudolikelihood = -12783.376  

Competing-risks regression                        No. of obs      =      5,488
                                                  No. of subjects =      5,488
Failure event:   crstatus == 1                    No. failed      =      1,681
Competing event: crstatus == 2                    No. competing   =      1,084
                                                  No. censored    =      2,723

                                                  Wald chi2(7)    =     141.94
Log pseudolikelihood = -12783.376                 Prob > chi2     =     0.0000

                              (Std. err. adjusted for 3,818 clusters in pairid)
-------------------------------------------------------------------------------
              |               Robust
           _t |        SHR   std. err.      z    P>|z|     [95% conf. interval]
--------------+----------------------------------------------------------------
  BMIlate_cat |
           2  |   1.171612   .0634964     2.92   0.003     1.053543    1.302913
           3  |   1.289981   .1025929     3.20   0.001     1.103791    1.507579
              |
z_PRS_BMI_P~j |   1.039006   .0275877     1.44   0.150     .9863183    1.094509
         educ |   .8486994   .0436788    -3.19   0.001     .7672667    .9387748
          sex |   .6862669   .0353666    -7.31   0.000     .6203354    .7592058
        smoke |   1.060954   .0543877     1.15   0.248     .9595364    1.173091
              |
       studyn |
    TwinGene  |   .6559628   .0375296    -7.37   0.000     .5863804    .7338021
-------------------------------------------------------------------------------

.         lincom 2.BMIlate_cat

 ( 1)  [eq1]2.BMIlate_cat = 0

------------------------------------------------------------------------------
          _t | Coefficient  Std. err.      z    P>|z|     [95% conf. interval]
-------------+----------------------------------------------------------------
         (1) |   .1583806   .0541957     2.92   0.003     .0521589    .2646023
------------------------------------------------------------------------------

.                 local m_BMIjnt_ow = r(estimate)

.                 local se_BMIjnt_ow = r(se)

.                 local Lci_BMIjnt_ow = exp(`m_BMIjnt_ow'-1.96*`se_BMIjnt_ow')

.                 local Uci_BMIjnt_ow = exp(`m_BMIjnt_ow'+1.96*`se_BMIjnt_ow')

.                 local p_BMIjnt_ow = r(p)

.                 local BMIjnt_ow= string(exp(`m_BMIjnt_ow'),"%9.2f")+" ("+stri
> ng(`Lci_BMIjnt_ow',"%9.2f")+"-"+string(`Uci_BMIjnt_ow',"%9.2f")+")"+", p="+st
> ring(`p_BMIjnt_ow',"%9.3f") 

.         lincom 3.BMIlate_cat

 ( 1)  [eq1]3.BMIlate_cat = 0

------------------------------------------------------------------------------
          _t | Coefficient  Std. err.      z    P>|z|     [95% conf. interval]
-------------+----------------------------------------------------------------
         (1) |   .2546278   .0795305     3.20   0.001     .0987509    .4105048
------------------------------------------------------------------------------

.                 local m_BMIjnt_ob = r(estimate)

.                 local se_BMIjnt_ob = r(se)

.                 local Lci_BMIjnt_ob = exp(`m_BMIjnt_ob'-1.96*`se_BMIjnt_ob')

.                 local Uci_BMIjnt_ob = exp(`m_BMIjnt_ob'+1.96*`se_BMIjnt_ob')

.                 local p_BMIjnt_ob = r(p)

.                 local BMIjnt_ob= string(exp(`m_BMIjnt_ob'),"%9.2f")+" ("+stri
> ng(`Lci_BMIjnt_ob',"%9.2f")+"-"+string(`Uci_BMIjnt_ob',"%9.2f")+")"+", p="+st
> ring(`p_BMIjnt_ob',"%9.3f") 

.         lincom z_PRS_BMI_PCadj 

 ( 1)  [eq1]z_PRS_BMI_PCadj = 0

------------------------------------------------------------------------------
          _t | Coefficient  Std. err.      z    P>|z|     [95% conf. interval]
-------------+----------------------------------------------------------------
         (1) |   .0382648    .026552     1.44   0.150    -.0137762    .0903057
------------------------------------------------------------------------------

.                 local m_PRSjnt = r(estimate)

.                 local se_PRSjnt = r(se)

.                 local Lci_PRSjnt = exp(`m_PRSjnt'-1.96*`se_PRSjnt')

.                 local Uci_PRSjnt = exp(`m_PRSjnt'+1.96*`se_PRSjnt')

.                 local p_PRSjnt = r(p)

.                 local PRSjnt= string(exp(`m_PRSjnt'),"%9.2f")+" ("+string(`Lc
> i_PRSjnt',"%9.2f")+"-"+string(`Uci_PRSjnt',"%9.2f")+")"+", p="+string(`p_PRSj
> nt',"%9.3f") 

.                 
.         // Interaction model
.         stcrreg i.BMIlate_cat##c.z_PRS_BMI_PCadj educ sex smoke i.studyn, com
> pete(crstatus==2) vce(cluster pairid) 

         Failure _d: crstatus==1
   Analysis time _t: crtime
  Enter on or after: time BMIlate_age
        ID variable: twinnr

Iteration 0:   log pseudolikelihood = -12788.413  
Iteration 1:   log pseudolikelihood = -12782.524  
Iteration 2:   log pseudolikelihood = -12782.523  

Competing-risks regression                        No. of obs      =      5,488
                                                  No. of subjects =      5,488
Failure event:   crstatus == 1                    No. failed      =      1,681
Competing event: crstatus == 2                    No. competing   =      1,084
                                                  No. censored    =      2,723

                                                  Wald chi2(9)    =     143.52
Log pseudolikelihood = -12782.523                 Prob > chi2     =     0.0000

                              (Std. err. adjusted for 3,818 clusters in pairid)
-------------------------------------------------------------------------------
              |               Robust
           _t |        SHR   std. err.      z    P>|z|     [95% conf. interval]
--------------+----------------------------------------------------------------
  BMIlate_cat |
           2  |    1.16666   .0636384     2.83   0.005     1.048367    1.298301
           3  |    1.34903   .1158691     3.49   0.000     1.140017    1.596364
              |
z_PRS_BMI_P~j |     1.0494    .043247     1.17   0.242     .9679699    1.137679
              |
  BMIlate_cat#|
           c. |
z_PRS_BMI_P~j |
           2  |   1.006046   .0562049     0.11   0.914      .901703    1.122463
           3  |   .9108626   .0736543    -1.15   0.248     .7773613    1.067291
              |
         educ |   .8481162   .0436214    -3.20   0.001      .766788    .9380704
          sex |   .6860602   .0353383    -7.32   0.000     .6201799    .7589388
        smoke |   1.062316   .0544582     1.18   0.238     .9607669    1.174599
              |
       studyn |
    TwinGene  |   .6564326   .0375475    -7.36   0.000     .5868161     .734308
-------------------------------------------------------------------------------

.         lincom 2.BMIlate_cat

 ( 1)  [eq1]2.BMIlate_cat = 0

------------------------------------------------------------------------------
          _t | Coefficient  Std. err.      z    P>|z|     [95% conf. interval]
-------------+----------------------------------------------------------------
         (1) |   .1541451   .0545475     2.83   0.005     .0472339    .2610562
------------------------------------------------------------------------------

.                 local m_BMIint_ow = r(estimate)

.                 local se_BMIint_ow = r(se)

.                 local Lci_BMIint_ow = exp(`m_BMIint_ow'-1.96*`se_BMIint_ow')

.                 local Uci_BMIint_ow = exp(`m_BMIint_ow'+1.96*`se_BMIint_ow')

.                 local p_BMIint_ow = r(p)

.                 local BMIint_ow= string(exp(`m_BMIint_ow'),"%9.2f")+" ("+stri
> ng(`Lci_BMIint_ow',"%9.2f")+"-"+string(`Uci_BMIint_ow',"%9.2f")+")"+", p="+st
> ring(`p_BMIint_ow',"%9.3f")  

.         lincom 3.BMIlate_cat

 ( 1)  [eq1]3.BMIlate_cat = 0

------------------------------------------------------------------------------
          _t | Coefficient  Std. err.      z    P>|z|     [95% conf. interval]
-------------+----------------------------------------------------------------
         (1) |    .299386   .0858906     3.49   0.000     .1310435    .4677286
------------------------------------------------------------------------------

.                 local m_BMIint_ob = r(estimate)

.                 local se_BMIint_ob = r(se)

.                 local Lci_BMIint_ob = exp(`m_BMIint_ob'-1.96*`se_BMIint_ob')

.                 local Uci_BMIint_ob = exp(`m_BMIint_ob'+1.96*`se_BMIint_ob')

.                 local p_BMIint_ob = r(p)

.                 local BMIint_ob= string(exp(`m_BMIint_ob'),"%9.2f")+" ("+stri
> ng(`Lci_BMIint_ob',"%9.2f")+"-"+string(`Uci_BMIint_ob',"%9.2f")+")"+", p="+st
> ring(`p_BMIint_ob',"%9.3f")  

.         lincom z_PRS_BMI_PCadj 

 ( 1)  [eq1]z_PRS_BMI_PCadj = 0

------------------------------------------------------------------------------
          _t | Coefficient  Std. err.      z    P>|z|     [95% conf. interval]
-------------+----------------------------------------------------------------
         (1) |   .0482181   .0412112     1.17   0.242    -.0325543    .1289905
------------------------------------------------------------------------------

.                 local m_PRSint = r(estimate)

.                 local se_PRSint = r(se)

.                 local Lci_PRSint = exp(`m_PRSint'-1.96*`se_PRSint')

.                 local Uci_PRSint = exp(`m_PRSint'+1.96*`se_PRSint')

.                 local p_PRSint = r(p)

.                 local PRSint= string(exp(`m_PRSint'),"%9.2f")+" ("+string(`Lc
> i_PRSint',"%9.2f")+"-"+string(`Uci_PRSint',"%9.2f")+")"+", p="+string(`p_PRSi
> nt',"%9.3f")   

.         lincom 2.BMIlate_cat#z_PRS_BMI_PCadj

 ( 1)  [eq1]2.BMIlate_cat#c.z_PRS_BMI_PCadj = 0

------------------------------------------------------------------------------
          _t | Coefficient  Std. err.      z    P>|z|     [95% conf. interval]
-------------+----------------------------------------------------------------
         (1) |   .0060276   .0558672     0.11   0.914    -.1034701    .1155252
------------------------------------------------------------------------------

.                 local m_BMI_PRSint_ow = r(estimate)

.                 local se_BMI_PRSint_ow = r(se)

.                 local Lci_BMI_PRSint_ow = exp(`m_BMI_PRSint_ow'-1.96*`se_BMI_
> PRSint_ow')

.                 local Uci_BMI_PRSint_ow = exp(`m_BMI_PRSint_ow'+1.96*`se_BMI_
> PRSint_ow')

.                 local p_BMI_PRSint_ow = r(p)

.                 local BMI_PRSint_ow= string(exp(`m_BMI_PRSint_ow'),"%9.2f")+"
>  ("+string(`Lci_BMI_PRSint_ow',"%9.2f")+"-"+string(`Uci_BMI_PRSint_ow',"%9.2f
> ")+")"+", p="+string(`p_BMI_PRSint_ow',"%9.3f")   

.         lincom 3.BMIlate_cat#z_PRS_BMI_PCadj

 ( 1)  [eq1]3.BMIlate_cat#c.z_PRS_BMI_PCadj = 0

------------------------------------------------------------------------------
          _t | Coefficient  Std. err.      z    P>|z|     [95% conf. interval]
-------------+----------------------------------------------------------------
         (1) |  -.0933633   .0808621    -1.15   0.248    -.2518501    .0651236
------------------------------------------------------------------------------

.                 local m_BMI_PRSint_ob = r(estimate)

.                 local se_BMI_PRSint_ob = r(se)

.                 local Lci_BMI_PRSint_ob = exp(`m_BMI_PRSint_ob'-1.96*`se_BMI_
> PRSint_ob')

.                 local Uci_BMI_PRSint_ob = exp(`m_BMI_PRSint_ob'+1.96*`se_BMI_
> PRSint_ob')

.                 local p_BMI_PRSint_ob = r(p)

.                 local BMI_PRSint_ob= string(exp(`m_BMI_PRSint_ob'),"%9.2f")+"
>  ("+string(`Lci_BMI_PRSint_ob',"%9.2f")+"-"+string(`Uci_BMI_PRSint_ob',"%9.2f
> ")+")"+", p="+string(`p_BMI_PRSint_ob',"%9.3f")   

.         
.         /// By tertiles of PRSbmi
>         stcrreg i.tert_PRS_BMI i.tert_PRS_BMI#i.BMIlate_cat educ sex smoke i.
> studyn, compete(crstatus==2) vce(cluster pairid)

         Failure _d: crstatus==1
   Analysis time _t: crtime
  Enter on or after: time BMIlate_age
        ID variable: twinnr

Iteration 0:   log pseudolikelihood = -12786.858  
Iteration 1:   log pseudolikelihood = -12780.864  
Iteration 2:   log pseudolikelihood = -12780.864  

Competing-risks regression                        No. of obs      =      5,488
                                                  No. of subjects =      5,488
Failure event:   crstatus == 1                    No. failed      =      1,681
Competing event: crstatus == 2                    No. competing   =      1,084
                                                  No. censored    =      2,723

                                                  Wald chi2(12)   =     147.68
Log pseudolikelihood = -12780.864                 Prob > chi2     =     0.0000

                              (Std. err. adjusted for 3,818 clusters in pairid)
-------------------------------------------------------------------------------
              |               Robust
           _t |        SHR   std. err.      z    P>|z|     [95% conf. interval]
--------------+----------------------------------------------------------------
 tert_PRS_BMI |
           2  |   1.133977    .101836     1.40   0.161     .9509612    1.352215
           3  |   1.081543   .1111533     0.76   0.446     .8842259    1.322891
              |
 tert_PRS_BMI#|
  BMIlate_cat |
         1 2  |   1.212087   .1097607     2.12   0.034      1.01497    1.447487
         1 3  |   1.726382   .2959852     3.18   0.001     1.233673    2.415872
         2 2  |   1.061641   .0955968     0.66   0.507     .8898779    1.266559
         2 3  |   1.097377   .1602966     0.64   0.525     .8241736    1.461144
         3 2  |   1.260492   .1279271     2.28   0.023     1.033123    1.537901
         3 3  |    1.32423   .1584484     2.35   0.019     1.047404    1.674219
              |
         educ |   .8469638    .043579    -3.23   0.001     .7657162    .9368324
          sex |   .6852293   .0352525    -7.35   0.000      .619505    .7579264
        smoke |   1.060745   .0543444     1.15   0.250     .9594044    1.172789
              |
       studyn |
    TwinGene  |   .6562126   .0375307    -7.37   0.000     .5866269    .7340527
-------------------------------------------------------------------------------

.         /// 1st quartile
>         lincom 1.tert_PRS_BMI#2.BMIlate_cat

 ( 1)  [eq1]1b.tert_PRS_BMI#2.BMIlate_cat = 0

------------------------------------------------------------------------------
          _t | Coefficient  Std. err.      z    P>|z|     [95% conf. interval]
-------------+----------------------------------------------------------------
         (1) |    .192344   .0905551     2.12   0.034     .0148594    .3698287
------------------------------------------------------------------------------

.                 local m_PRS_c1_ow = r(estimate)

.                 local se_PRS_c1_ow = r(se)

.                 local Lci_PRS_c1_ow = exp(`m_PRS_c1_ow'-1.96*`se_PRS_c1_ow')

.                 local Uci_PRS_c1_ow = exp(`m_PRS_c1_ow'+1.96*`se_PRS_c1_ow')

.                 local p_PRS_c1_ow = r(p)

.                 local PRS_c1_ow= string(exp(`m_PRS_c1_ow'),"%9.2f")+" ("+stri
> ng(`Lci_PRS_c1_ow',"%9.2f")+"-"+string(`Uci_PRS_c1_ow',"%9.2f")+")"+", p="+st
> ring(`p_PRS_c1_ow',"%9.3f")  

.         lincom 1.tert_PRS_BMI#3.BMIlate_cat

 ( 1)  [eq1]1b.tert_PRS_BMI#3.BMIlate_cat = 0

------------------------------------------------------------------------------
          _t | Coefficient  Std. err.      z    P>|z|     [95% conf. interval]
-------------+----------------------------------------------------------------
         (1) |    .546028   .1714482     3.18   0.001     .2099957    .8820604
------------------------------------------------------------------------------

.                 local m_PRS_c1_ob = r(estimate)

.                 local se_PRS_c1_ob = r(se)

.                 local Lci_PRS_c1_ob = exp(`m_PRS_c1_ob'-1.96*`se_PRS_c1_ob')

.                 local Uci_PRS_c1_ob = exp(`m_PRS_c1_ob'+1.96*`se_PRS_c1_ob')

.                 local p_PRS_c1_ob = r(p)

.                 local PRS_c1_ob= string(exp(`m_PRS_c1_ob'),"%9.2f")+" ("+stri
> ng(`Lci_PRS_c1_ob',"%9.2f")+"-"+string(`Uci_PRS_c1_ob',"%9.2f")+")"+", p="+st
> ring(`p_PRS_c1_ob',"%9.3f")    

.         /// 2nd quartile
> lincom 2.tert_PRS_BMI#2.BMIlate_cat

 ( 1)  [eq1]2.tert_PRS_BMI#2.BMIlate_cat = 0

------------------------------------------------------------------------------
          _t | Coefficient  Std. err.      z    P>|z|     [95% conf. interval]
-------------+----------------------------------------------------------------
         (1) |   .0598163   .0900462     0.66   0.507     -.116671    .2363036
------------------------------------------------------------------------------

.                 local m_PRS_c2_ow = r(estimate)

.                 local se_PRS_c2_ow = r(se)

.                 local Lci_PRS_c2_ow = exp(`m_PRS_c2_ow'-1.96*`se_PRS_c2_ow')

.                 local Uci_PRS_c2_ow = exp(`m_PRS_c2_ow'+1.96*`se_PRS_c2_ow')

.                 local p_PRS_c2_ow = r(p)

.                 local PRS_c2_ow= string(exp(`m_PRS_c2_ow'),"%9.2f")+" ("+stri
> ng(`Lci_PRS_c2_ow',"%9.2f")+"-"+string(`Uci_PRS_c2_ow',"%9.2f")+")"+", p="+st
> ring(`p_PRS_c2_ow',"%9.3f")    

.         lincom 2.tert_PRS_BMI#3.BMIlate_cat

 ( 1)  [eq1]2.tert_PRS_BMI#3.BMIlate_cat = 0

------------------------------------------------------------------------------
          _t | Coefficient  Std. err.      z    P>|z|     [95% conf. interval]
-------------+----------------------------------------------------------------
         (1) |   .0929227   .1460725     0.64   0.525    -.1933741    .3792195
------------------------------------------------------------------------------

.                 local m_PRS_c2_ob = r(estimate)

.                 local se_PRS_c2_ob = r(se)

.                 local Lci_PRS_c2_ob = exp(`m_PRS_c2_ob'-1.96*`se_PRS_c2_ob')

.                 local Uci_PRS_c2_ob = exp(`m_PRS_c2_ob'+1.96*`se_PRS_c2_ob')

.                 local p_PRS_c2_ob = r(p)

.                 local PRS_c2_ob= string(exp(`m_PRS_c2_ob'),"%9.2f")+" ("+stri
> ng(`Lci_PRS_c2_ob',"%9.2f")+"-"+string(`Uci_PRS_c2_ob',"%9.2f")+")"+", p="+st
> ring(`p_PRS_c2_ob',"%9.3f")    

.         /// 3rd quartile
>         lincom 3.tert_PRS_BMI#2.BMIlate_cat

 ( 1)  [eq1]3.tert_PRS_BMI#2.BMIlate_cat = 0

------------------------------------------------------------------------------
          _t | Coefficient  Std. err.      z    P>|z|     [95% conf. interval]
-------------+----------------------------------------------------------------
         (1) |   .2315023   .1014898     2.28   0.023      .032586    .4304185
------------------------------------------------------------------------------

.                 local m_PRS_c3_ow = r(estimate)

.                 local se_PRS_c3_ow = r(se)

.                 local Lci_PRS_c3_ow = exp(`m_PRS_c3_ow'-1.96*`se_PRS_c3_ow')

.                 local Uci_PRS_c3_ow = exp(`m_PRS_c3_ow'+1.96*`se_PRS_c3_ow')

.                 local p_PRS_c3_ow = r(p)

.                 local PRS_c3_ow= string(exp(`m_PRS_c3_ow'),"%9.2f")+" ("+stri
> ng(`Lci_PRS_c3_ow',"%9.2f")+"-"+string(`Uci_PRS_c3_ow',"%9.2f")+")"+", p="+st
> ring(`p_PRS_c3_ow',"%9.3f")    

.         lincom 3.tert_PRS_BMI#3.BMIlate_cat

 ( 1)  [eq1]3.tert_PRS_BMI#3.BMIlate_cat = 0

------------------------------------------------------------------------------
          _t | Coefficient  Std. err.      z    P>|z|     [95% conf. interval]
-------------+----------------------------------------------------------------
         (1) |    .280831   .1196532     2.35   0.019      .046315     .515347
------------------------------------------------------------------------------

.                 local m_PRS_c3_ob = r(estimate)

.                 local se_PRS_c3_ob = r(se)

.                 local Lci_PRS_c3_ob = exp(`m_PRS_c3_ob'-1.96*`se_PRS_c3_ob')

.                 local Uci_PRS_c3_ob = exp(`m_PRS_c3_ob'+1.96*`se_PRS_c3_ob')

.                 local p_PRS_c3_ob = r(p)

.                 local PRS_c3_ob= string(exp(`m_PRS_c3_ob'),"%9.2f")+" ("+stri
> ng(`Lci_PRS_c3_ob',"%9.2f")+"-"+string(`Uci_PRS_c3_ob',"%9.2f")+")"+", p="+st
> ring(`p_PRS_c3_ob',"%9.3f")   

.                 
.         post coxreg_cvd ("All") ("`BMIind_ow'") ("`BMIind_ob'") ("`PRSind'") 
> ("`BMIjnt_ow'") ("`BMIjnt_ob'") ("`PRSjnt'") ///
>                                         ("`BMIint_ow'") ("`BMIint_ob'") ("`PR
> Sint'") ("`BMI_PRSint_ow'") ("`BMI_PRSint_ob'") ///
>                                         ("`PRS_c1_ow'") ("`PRS_c2_ow'")  ("`P
> RS_c3_ow'") ("`PRS_c1_ob'") ("`PRS_c2_ob'") ("`PRS_c3_ob'")

.                                 
. ///// Sex-stratified
>         foreach i of num 1/2 {
  2.         set more off
  3.         // BMI, categorical
.         stcrreg i.BMIlate_cat educ smoke i.studyn if(sex==`i'), compete(crsta
> tus==2) vce(cluster pairid) 
  4.         lincom 2.BMIlate_cat
  5.                 local m_BMIind_ow = r(estimate)
  6.                 local se_BMIind_ow = r(se)
  7.                 local Lci_BMIind_ow = exp(`m_BMIind_ow'-1.96*`se_BMIind_ow
> ')
  8.                 local Uci_BMIind_ow = exp(`m_BMIind_ow'+1.96*`se_BMIind_ow
> ')
  9.                 local p_BMIind_ow = r(p) 
 10.                 local BMIind_ow= string(exp(`m_BMIind_ow'),"%9.2f")+" ("+s
> tring(`Lci_BMIind_ow',"%9.2f")+"-"+string(`Uci_BMIind_ow',"%9.2f")+")"+", p="
> +string(`p_BMIind_ow',"%9.3f")
 11.         lincom 3.BMIlate_cat
 12.                 local m_BMIind_ob = r(estimate)
 13.                 local se_BMIind_ob = r(se)
 14.                 local Lci_BMIind_ob = exp(`m_BMIind_ob'-1.96*`se_BMIind_ob
> ')
 15.                 local Uci_BMIind_ob = exp(`m_BMIind_ob'+1.96*`se_BMIind_ob
> ')
 16.                 local p_BMIind_ob = r(p)
 17.                 local BMIind_ob= string(exp(`m_BMIind_ob'),"%9.2f")+" ("+s
> tring(`Lci_BMIind_ob',"%9.2f")+"-"+string(`Uci_BMIind_ob',"%9.2f")+")"+", p="
> +string(`p_BMIind_ob',"%9.3f")
 18.                 
.         // PRSbmi model
.         stcrreg z_PRS_BMI_PCadj educ smoke i.studyn if(sex==`i'), compete(crs
> tatus==2) vce(cluster pairid) 
 19.         lincom z_PRS_BMI_PCadj 
 20.                 local m_PRSind = r(estimate)
 21.                 local se_PRSind = r(se)
 22.                 local Lci_PRSind = exp(`m_PRSind'-1.96*`se_PRSind')
 23.                 local Uci_PRSind = exp(`m_PRSind'+1.96*`se_PRSind')
 24.                 local p_PRSind = r(p)
 25.                 local PRSind= string(exp(`m_PRSind'),"%9.2f")+" ("+string(
> `Lci_PRSind',"%9.2f")+"-"+string(`Uci_PRSind',"%9.2f")+")"+", p="+string(`p_P
> RSind',"%9.3f")
 26. 
.         // BMI + PRS model
.         stcrreg i.BMIlate_cat z_PRS_BMI_PCadj educ smoke i.studyn if(sex==`i'
> ), compete(crstatus==2) vce(cluster pairid) 
 27.         lincom 2.BMIlate_cat
 28.                 local m_BMIjnt_ow = r(estimate)
 29.                 local se_BMIjnt_ow = r(se)
 30.                 local Lci_BMIjnt_ow = exp(`m_BMIjnt_ow'-1.96*`se_BMIjnt_ow
> ')
 31.                 local Uci_BMIjnt_ow = exp(`m_BMIjnt_ow'+1.96*`se_BMIjnt_ow
> ')
 32.                 local p_BMIjnt_ow = r(p)
 33.                 local BMIjnt_ow= string(exp(`m_BMIjnt_ow'),"%9.2f")+" ("+s
> tring(`Lci_BMIjnt_ow',"%9.2f")+"-"+string(`Uci_BMIjnt_ow',"%9.2f")+")"+", p="
> +string(`p_BMIjnt_ow',"%9.3f") 
 34.         lincom 3.BMIlate_cat
 35.                 local m_BMIjnt_ob = r(estimate)
 36.                 local se_BMIjnt_ob = r(se)
 37.                 local Lci_BMIjnt_ob = exp(`m_BMIjnt_ob'-1.96*`se_BMIjnt_ob
> ')
 38.                 local Uci_BMIjnt_ob = exp(`m_BMIjnt_ob'+1.96*`se_BMIjnt_ob
> ')
 39.                 local p_BMIjnt_ob = r(p)
 40.                 local BMIjnt_ob= string(exp(`m_BMIjnt_ob'),"%9.2f")+" ("+s
> tring(`Lci_BMIjnt_ob',"%9.2f")+"-"+string(`Uci_BMIjnt_ob',"%9.2f")+")"+", p="
> +string(`p_BMIjnt_ob',"%9.3f") 
 41.         lincom z_PRS_BMI_PCadj 
 42.                 local m_PRSjnt = r(estimate)
 43.                 local se_PRSjnt = r(se)
 44.                 local Lci_PRSjnt = exp(`m_PRSjnt'-1.96*`se_PRSjnt')
 45.                 local Uci_PRSjnt = exp(`m_PRSjnt'+1.96*`se_PRSjnt')
 46.                 local p_PRSjnt = r(p)
 47.                 local PRSjnt= string(exp(`m_PRSjnt'),"%9.2f")+" ("+string(
> `Lci_PRSjnt',"%9.2f")+"-"+string(`Uci_PRSjnt',"%9.2f")+")"+", p="+string(`p_P
> RSjnt',"%9.3f") 
 48.                 
.         // Interaction model
.         stcrreg i.BMIlate_cat##c.z_PRS_BMI_PCadj educ smoke i.studyn if(sex==
> `i'), compete(crstatus==2) vce(cluster pairid)
 49.         lincom 2.BMIlate_cat
 50.                 local m_BMIint_ow = r(estimate)
 51.                 local se_BMIint_ow = r(se)
 52.                 local Lci_BMIint_ow = exp(`m_BMIint_ow'-1.96*`se_BMIint_ow
> ')
 53.                 local Uci_BMIint_ow = exp(`m_BMIint_ow'+1.96*`se_BMIint_ow
> ')
 54.                 local p_BMIint_ow = r(p)
 55.                 local BMIint_ow= string(exp(`m_BMIint_ow'),"%9.2f")+" ("+s
> tring(`Lci_BMIint_ow',"%9.2f")+"-"+string(`Uci_BMIint_ow',"%9.2f")+")"+", p="
> +string(`p_BMIint_ow',"%9.3f")  
 56.         lincom 3.BMIlate_cat
 57.                 local m_BMIint_ob = r(estimate)
 58.                 local se_BMIint_ob = r(se)
 59.                 local Lci_BMIint_ob = exp(`m_BMIint_ob'-1.96*`se_BMIint_ob
> ')
 60.                 local Uci_BMIint_ob = exp(`m_BMIint_ob'+1.96*`se_BMIint_ob
> ')
 61.                 local p_BMIint_ob = r(p)
 62.                 local BMIint_ob= string(exp(`m_BMIint_ob'),"%9.2f")+" ("+s
> tring(`Lci_BMIint_ob',"%9.2f")+"-"+string(`Uci_BMIint_ob',"%9.2f")+")"+", p="
> +string(`p_BMIint_ob',"%9.3f")  
 63.         lincom z_PRS_BMI_PCadj 
 64.                 local m_PRSint = r(estimate)
 65.                 local se_PRSint = r(se)
 66.                 local Lci_PRSint = exp(`m_PRSint'-1.96*`se_PRSint')
 67.                 local Uci_PRSint = exp(`m_PRSint'+1.96*`se_PRSint')
 68.                 local p_PRSint = r(p)
 69.                 local PRSint= string(exp(`m_PRSint'),"%9.2f")+" ("+string(
> `Lci_PRSint',"%9.2f")+"-"+string(`Uci_PRSint',"%9.2f")+")"+", p="+string(`p_P
> RSint',"%9.3f")   
 70.         lincom 2.BMIlate_cat#z_PRS_BMI_PCadj
 71.                 local m_BMI_PRSint_ow = r(estimate)
 72.                 local se_BMI_PRSint_ow = r(se)
 73.                 local Lci_BMI_PRSint_ow = exp(`m_BMI_PRSint_ow'-1.96*`se_B
> MI_PRSint_ow')
 74.                 local Uci_BMI_PRSint_ow = exp(`m_BMI_PRSint_ow'+1.96*`se_B
> MI_PRSint_ow')
 75.                 local p_BMI_PRSint_ow = r(p)
 76.                 local BMI_PRSint_ow= string(exp(`m_BMI_PRSint_ow'),"%9.2f"
> )+" ("+string(`Lci_BMI_PRSint_ow',"%9.2f")+"-"+string(`Uci_BMI_PRSint_ow',"%9
> .2f")+")"+", p="+string(`p_BMI_PRSint_ow',"%9.3f")   
 77.         lincom 3.BMIlate_cat#z_PRS_BMI_PCadj
 78.                 local m_BMI_PRSint_ob = r(estimate)
 79.                 local se_BMI_PRSint_ob = r(se)
 80.                 local Lci_BMI_PRSint_ob = exp(`m_BMI_PRSint_ob'-1.96*`se_B
> MI_PRSint_ob')
 81.                 local Uci_BMI_PRSint_ob = exp(`m_BMI_PRSint_ob'+1.96*`se_B
> MI_PRSint_ob')
 82.                 local p_BMI_PRSint_ob = r(p)
 83.                 local BMI_PRSint_ob= string(exp(`m_BMI_PRSint_ob'),"%9.2f"
> )+" ("+string(`Lci_BMI_PRSint_ob',"%9.2f")+"-"+string(`Uci_BMI_PRSint_ob',"%9
> .2f")+")"+", p="+string(`p_BMI_PRSint_ob',"%9.3f")   
 84.         
.         /// By tertiles of PRSbmi
>         stcrreg i.tert_PRS_BMI i.tert_PRS_BMI#i.BMIlate_cat educ smoke i.stud
> yn if(sex==`i'), compete(crstatus==2) vce(cluster pairid) 
 85.         /// 1st quartile
>         lincom 1.tert_PRS_BMI#2.BMIlate_cat
 86.                 local m_PRS_c1_ow = r(estimate)
 87.                 local se_PRS_c1_ow = r(se)
 88.                 local Lci_PRS_c1_ow = exp(`m_PRS_c1_ow'-1.96*`se_PRS_c1_ow
> ')
 89.                 local Uci_PRS_c1_ow = exp(`m_PRS_c1_ow'+1.96*`se_PRS_c1_ow
> ')
 90.                 local p_PRS_c1_ow = r(p)
 91.                 local PRS_c1_ow= string(exp(`m_PRS_c1_ow'),"%9.2f")+" ("+s
> tring(`Lci_PRS_c1_ow',"%9.2f")+"-"+string(`Uci_PRS_c1_ow',"%9.2f")+")"+", p="
> +string(`p_PRS_c1_ow',"%9.3f")  
 92.         lincom 1.tert_PRS_BMI#3.BMIlate_cat
 93.                 local m_PRS_c1_ob = r(estimate)
 94.                 local se_PRS_c1_ob = r(se)
 95.                 local Lci_PRS_c1_ob = exp(`m_PRS_c1_ob'-1.96*`se_PRS_c1_ob
> ')
 96.                 local Uci_PRS_c1_ob = exp(`m_PRS_c1_ob'+1.96*`se_PRS_c1_ob
> ')
 97.                 local p_PRS_c1_ob = r(p)
 98.                 local PRS_c1_ob= string(exp(`m_PRS_c1_ob'),"%9.2f")+" ("+s
> tring(`Lci_PRS_c1_ob',"%9.2f")+"-"+string(`Uci_PRS_c1_ob',"%9.2f")+")"+", p="
> +string(`p_PRS_c1_ob',"%9.3f")    
 99.         /// 2nd quartile
> lincom 2.tert_PRS_BMI#2.BMIlate_cat
100.                 local m_PRS_c2_ow = r(estimate)
101.                 local se_PRS_c2_ow = r(se)
102.                 local Lci_PRS_c2_ow = exp(`m_PRS_c2_ow'-1.96*`se_PRS_c2_ow
> ')
103.                 local Uci_PRS_c2_ow = exp(`m_PRS_c2_ow'+1.96*`se_PRS_c2_ow
> ')
104.                 local p_PRS_c2_ow = r(p)
105.                 local PRS_c2_ow= string(exp(`m_PRS_c2_ow'),"%9.2f")+" ("+s
> tring(`Lci_PRS_c2_ow',"%9.2f")+"-"+string(`Uci_PRS_c2_ow',"%9.2f")+")"+", p="
> +string(`p_PRS_c2_ow',"%9.3f")    
106.         lincom 2.tert_PRS_BMI#3.BMIlate_cat
107.                 local m_PRS_c2_ob = r(estimate)
108.                 local se_PRS_c2_ob = r(se)
109.                 local Lci_PRS_c2_ob = exp(`m_PRS_c2_ob'-1.96*`se_PRS_c2_ob
> ')
110.                 local Uci_PRS_c2_ob = exp(`m_PRS_c2_ob'+1.96*`se_PRS_c2_ob
> ')
111.                 local p_PRS_c2_ob = r(p)
112.                 local PRS_c2_ob= string(exp(`m_PRS_c2_ob'),"%9.2f")+" ("+s
> tring(`Lci_PRS_c2_ob',"%9.2f")+"-"+string(`Uci_PRS_c2_ob',"%9.2f")+")"+", p="
> +string(`p_PRS_c2_ob',"%9.3f")    
113.         /// 3rd quartile
>         lincom 3.tert_PRS_BMI#2.BMIlate_cat
114.                 local m_PRS_c3_ow = r(estimate)
115.                 local se_PRS_c3_ow = r(se)
116.                 local Lci_PRS_c3_ow = exp(`m_PRS_c3_ow'-1.96*`se_PRS_c3_ow
> ')
117.                 local Uci_PRS_c3_ow = exp(`m_PRS_c3_ow'+1.96*`se_PRS_c3_ow
> ')
118.                 local p_PRS_c3_ow = r(p)
119.                 local PRS_c3_ow= string(exp(`m_PRS_c3_ow'),"%9.2f")+" ("+s
> tring(`Lci_PRS_c3_ow',"%9.2f")+"-"+string(`Uci_PRS_c3_ow',"%9.2f")+")"+", p="
> +string(`p_PRS_c3_ow',"%9.3f")    
120.         lincom 3.tert_PRS_BMI#3.BMIlate_cat
121.                 local m_PRS_c3_ob = r(estimate)
122.                 local se_PRS_c3_ob = r(se)
123.                 local Lci_PRS_c3_ob = exp(`m_PRS_c3_ob'-1.96*`se_PRS_c3_ob
> ')
124.                 local Uci_PRS_c3_ob = exp(`m_PRS_c3_ob'+1.96*`se_PRS_c3_ob
> ')
125.                 local p_PRS_c3_ob = r(p)
126.                 local PRS_c3_ob= string(exp(`m_PRS_c3_ob'),"%9.2f")+" ("+s
> tring(`Lci_PRS_c3_ob',"%9.2f")+"-"+string(`Uci_PRS_c3_ob',"%9.2f")+")"+", p="
> +string(`p_PRS_c3_ob',"%9.3f")   
127. 
.         post coxreg_cvd ("`i'") ("`BMIind_ow'") ("`BMIind_ob'") ("`PRSind'") 
> ("`BMIjnt_ow'") ("`BMIjnt_ob'") ("`PRSjnt'") ///
>                                         ("`BMIint_ow'") ("`BMIint_ob'") ("`PR
> Sint'") ("`BMI_PRSint_ow'") ("`BMI_PRSint_ob'") ///
>                                         ("`PRS_c1_ow'") ("`PRS_c2_ow'")  ("`P
> RS_c3_ow'") ("`PRS_c1_ob'") ("`PRS_c2_ob'") ("`PRS_c3_ob'")
128.         }                

         Failure _d: crstatus==1
   Analysis time _t: crtime
  Enter on or after: time BMIlate_age
        ID variable: twinnr

Iteration 0:   log pseudolikelihood = -6169.4398  
Iteration 1:   log pseudolikelihood = -6168.9863  
Iteration 2:   log pseudolikelihood = -6168.9862  

Competing-risks regression                        No. of obs      =      2,570
                                                  No. of subjects =      2,570
Failure event:   crstatus == 1                    No. failed      =        895
Competing event: crstatus == 2                    No. competing   =        533
                                                  No. censored    =      1,142

                                                  Wald chi2(5)    =      60.89
Log pseudolikelihood = -6168.9862                 Prob > chi2     =     0.0000

                             (Std. err. adjusted for 2,102 clusters in pairid)
------------------------------------------------------------------------------
             |               Robust
          _t |        SHR   std. err.      z    P>|z|     [95% conf. interval]
-------------+----------------------------------------------------------------
 BMIlate_cat |
          2  |   1.265572   .0931662     3.20   0.001     1.095532    1.462005
          3  |   1.370065   .1562208     2.76   0.006     1.095679    1.713164
             |
        educ |   .8400315   .0599554    -2.44   0.015       .73037    .9661582
       smoke |   1.078808   .0766554     1.07   0.286     .9385592    1.240015
             |
      studyn |
   TwinGene  |   .6379555   .0514953    -5.57   0.000     .5446055    .7473065
------------------------------------------------------------------------------

 ( 1)  [eq1]2.BMIlate_cat = 0

------------------------------------------------------------------------------
          _t | Coefficient  Std. err.      z    P>|z|     [95% conf. interval]
-------------+----------------------------------------------------------------
         (1) |   .2355242   .0736159     3.20   0.001     .0912398    .3798086
------------------------------------------------------------------------------

 ( 1)  [eq1]3.BMIlate_cat = 0

------------------------------------------------------------------------------
          _t | Coefficient  Std. err.      z    P>|z|     [95% conf. interval]
-------------+----------------------------------------------------------------
         (1) |   .3148582   .1140244     2.76   0.006     .0913745    .5383419
------------------------------------------------------------------------------

         Failure _d: crstatus==1
   Analysis time _t: crtime
  Enter on or after: time BMIlate_age
        ID variable: twinnr

Iteration 0:   log pseudolikelihood = -6173.1235  
Iteration 1:   log pseudolikelihood = -6172.3742  
Iteration 2:   log pseudolikelihood = -6172.3741  

Competing-risks regression                        No. of obs      =      2,570
                                                  No. of subjects =      2,570
Failure event:   crstatus == 1                    No. failed      =        895
Competing event: crstatus == 2                    No. competing   =        533
                                                  No. censored    =      1,142

                                                  Wald chi2(4)    =      52.36
Log pseudolikelihood = -6172.3741                 Prob > chi2     =     0.0000

                              (Std. err. adjusted for 2,102 clusters in pairid)
-------------------------------------------------------------------------------
              |               Robust
           _t |        SHR   std. err.      z    P>|z|     [95% conf. interval]
--------------+----------------------------------------------------------------
z_PRS_BMI_P~j |   1.093471   .0389449     2.51   0.012     1.019743    1.172529
         educ |   .8314622   .0589928    -2.60   0.009     .7235177    .9555114
        smoke |   1.076428    .076481     1.04   0.300     .9364971    1.237267
              |
       studyn |
    TwinGene  |   .6341806   .0513801    -5.62   0.000      .541066    .7433198
-------------------------------------------------------------------------------

 ( 1)  [eq1]z_PRS_BMI_PCadj = 0

------------------------------------------------------------------------------
          _t | Coefficient  Std. err.      z    P>|z|     [95% conf. interval]
-------------+----------------------------------------------------------------
         (1) |   .0893567   .0356159     2.51   0.012     .0195508    .1591626
------------------------------------------------------------------------------

         Failure _d: crstatus==1
   Analysis time _t: crtime
  Enter on or after: time BMIlate_age
        ID variable: twinnr

Iteration 0:   log pseudolikelihood = -6168.1523  
Iteration 1:   log pseudolikelihood = -6167.3968  
Iteration 2:   log pseudolikelihood = -6167.3967  

Competing-risks regression                        No. of obs      =      2,570
                                                  No. of subjects =      2,570
Failure event:   crstatus == 1                    No. failed      =        895
Competing event: crstatus == 2                    No. competing   =        533
                                                  No. censored    =      1,142

                                                  Wald chi2(6)    =      62.45
Log pseudolikelihood = -6167.3967                 Prob > chi2     =     0.0000

                              (Std. err. adjusted for 2,102 clusters in pairid)
-------------------------------------------------------------------------------
              |               Robust
           _t |        SHR   std. err.      z    P>|z|     [95% conf. interval]
--------------+----------------------------------------------------------------
  BMIlate_cat |
           2  |   1.238437   .0923926     2.87   0.004     1.069968    1.433432
           3  |   1.296797   .1542489     2.19   0.029     1.027129    1.637265
              |
z_PRS_BMI_P~j |   1.065202   .0397047     1.69   0.090     .9901573    1.145935
         educ |   .8465039   .0604299    -2.33   0.020      .735976    .9736307
        smoke |   1.074603   .0764184     1.01   0.312     .9347954    1.235321
              |
       studyn |
    TwinGene  |   .6307188   .0511436    -5.68   0.000      .538039    .7393632
-------------------------------------------------------------------------------

 ( 1)  [eq1]2.BMIlate_cat = 0

------------------------------------------------------------------------------
          _t | Coefficient  Std. err.      z    P>|z|     [95% conf. interval]
-------------+----------------------------------------------------------------
         (1) |   .2138501   .0746042     2.87   0.004     .0676286    .3600716
------------------------------------------------------------------------------

 ( 1)  [eq1]3.BMIlate_cat = 0

------------------------------------------------------------------------------
          _t | Coefficient  Std. err.      z    P>|z|     [95% conf. interval]
-------------+----------------------------------------------------------------
         (1) |   .2598973   .1189461     2.19   0.029     .0267673    .4930274
------------------------------------------------------------------------------

 ( 1)  [eq1]z_PRS_BMI_PCadj = 0

------------------------------------------------------------------------------
          _t | Coefficient  Std. err.      z    P>|z|     [95% conf. interval]
-------------+----------------------------------------------------------------
         (1) |   .0631648   .0372743     1.69   0.090    -.0098914     .136221
------------------------------------------------------------------------------

         Failure _d: crstatus==1
   Analysis time _t: crtime
  Enter on or after: time BMIlate_age
        ID variable: twinnr

Iteration 0:   log pseudolikelihood = -6167.1466  
Iteration 1:   log pseudolikelihood = -6166.2195  
Iteration 2:   log pseudolikelihood =  -6166.219  

Competing-risks regression                        No. of obs      =      2,570
                                                  No. of subjects =      2,570
Failure event:   crstatus == 1                    No. failed      =        895
Competing event: crstatus == 2                    No. competing   =        533
                                                  No. censored    =      1,142

                                                  Wald chi2(8)    =      65.43
Log pseudolikelihood =  -6166.219                 Prob > chi2     =     0.0000

                              (Std. err. adjusted for 2,102 clusters in pairid)
-------------------------------------------------------------------------------
              |               Robust
           _t |        SHR   std. err.      z    P>|z|     [95% conf. interval]
--------------+----------------------------------------------------------------
  BMIlate_cat |
           2  |   1.232518   .0927491     2.78   0.005     1.063503    1.428392
           3  |   1.417691   .1788491     2.77   0.006     1.107129     1.81537
              |
z_PRS_BMI_P~j |    1.07122   .0640915     1.15   0.250     .9526884    1.204499
              |
  BMIlate_cat#|
           c. |
z_PRS_BMI_P~j |
           2  |   1.020878   .0786978     0.27   0.789     .8777206    1.187385
           3  |   .8465022   .1061416    -1.33   0.184     .6620599    1.082328
              |
         educ |   .8439812   .0601322    -2.38   0.017     .7339832    .9704639
        smoke |   1.076501   .0764099     1.04   0.299     .9366911    1.237179
              |
       studyn |
    TwinGene  |   .6320165   .0511601    -5.67   0.000     .5392944    .7406805
-------------------------------------------------------------------------------

 ( 1)  [eq1]2.BMIlate_cat = 0

------------------------------------------------------------------------------
          _t | Coefficient  Std. err.      z    P>|z|     [95% conf. interval]
-------------+----------------------------------------------------------------
         (1) |   .2090589   .0752517     2.78   0.005     .0615683    .3565496
------------------------------------------------------------------------------

 ( 1)  [eq1]3.BMIlate_cat = 0

------------------------------------------------------------------------------
          _t | Coefficient  Std. err.      z    P>|z|     [95% conf. interval]
-------------+----------------------------------------------------------------
         (1) |   .3490296   .1261552     2.77   0.006     .1017699    .5962893
------------------------------------------------------------------------------

 ( 1)  [eq1]z_PRS_BMI_PCadj = 0

------------------------------------------------------------------------------
          _t | Coefficient  Std. err.      z    P>|z|     [95% conf. interval]
-------------+----------------------------------------------------------------
         (1) |    .068798   .0598304     1.15   0.250    -.0484674    .1860634
------------------------------------------------------------------------------

 ( 1)  [eq1]2.BMIlate_cat#c.z_PRS_BMI_PCadj = 0

------------------------------------------------------------------------------
          _t | Coefficient  Std. err.      z    P>|z|     [95% conf. interval]
-------------+----------------------------------------------------------------
         (1) |   .0206633   .0770883     0.27   0.789     -.130427    .1717535
------------------------------------------------------------------------------

 ( 1)  [eq1]3.BMIlate_cat#c.z_PRS_BMI_PCadj = 0

------------------------------------------------------------------------------
          _t | Coefficient  Std. err.      z    P>|z|     [95% conf. interval]
-------------+----------------------------------------------------------------
         (1) |  -.1666425   .1253884    -1.33   0.184    -.4123993    .0791143
------------------------------------------------------------------------------

         Failure _d: crstatus==1
   Analysis time _t: crtime
  Enter on or after: time BMIlate_age
        ID variable: twinnr

Iteration 0:   log pseudolikelihood = -6166.3588  
Iteration 1:   log pseudolikelihood = -6165.0857  
Iteration 2:   log pseudolikelihood = -6165.0844  
Iteration 3:   log pseudolikelihood = -6165.0844  

Competing-risks regression                        No. of obs      =      2,570
                                                  No. of subjects =      2,570
Failure event:   crstatus == 1                    No. failed      =        895
Competing event: crstatus == 2                    No. competing   =        533
                                                  No. censored    =      1,142

                                                  Wald chi2(11)   =      67.97
Log pseudolikelihood = -6165.0844                 Prob > chi2     =     0.0000

                              (Std. err. adjusted for 2,102 clusters in pairid)
-------------------------------------------------------------------------------
              |               Robust
           _t |        SHR   std. err.      z    P>|z|     [95% conf. interval]
--------------+----------------------------------------------------------------
 tert_PRS_BMI |
           2  |   1.237707   .1564968     1.69   0.092     .9660307    1.585785
           3  |   1.133181     .17079     0.83   0.407     .8433513    1.522615
              |
 tert_PRS_BMI#|
  BMIlate_cat |
         1 2  |   1.286041   .1616433     2.00   0.045     1.005233    1.645292
         1 3  |   1.818339   .5015555     2.17   0.030     1.058977    3.122218
         2 2  |   1.062926   .1288731     0.50   0.615     .8381081    1.348049
         2 3  |   1.211292   .2504598     0.93   0.354     .8076914    1.816572
         3 2  |   1.405377   .1991987     2.40   0.016     1.064494    1.855421
         3 3  |   1.299844   .2326606     1.47   0.143     .9152372    1.846072
              |
         educ |   .8424305   .0600438    -2.41   0.016      .732597    .9687305
        smoke |   1.077187   .0766006     1.05   0.296      .937046    1.238288
              |
       studyn |
    TwinGene  |   .6328231   .0510507    -5.67   0.000     .5402749    .7412247
-------------------------------------------------------------------------------

 ( 1)  [eq1]1b.tert_PRS_BMI#2.BMIlate_cat = 0

------------------------------------------------------------------------------
          _t | Coefficient  Std. err.      z    P>|z|     [95% conf. interval]
-------------+----------------------------------------------------------------
         (1) |   .2515684   .1256907     2.00   0.045     .0052193    .4979176
------------------------------------------------------------------------------

 ( 1)  [eq1]1b.tert_PRS_BMI#3.BMIlate_cat = 0

------------------------------------------------------------------------------
          _t | Coefficient  Std. err.      z    P>|z|     [95% conf. interval]
-------------+----------------------------------------------------------------
         (1) |   .5979234   .2758317     2.17   0.030     .0573032    1.138544
------------------------------------------------------------------------------

 ( 1)  [eq1]2.tert_PRS_BMI#2.BMIlate_cat = 0

------------------------------------------------------------------------------
          _t | Coefficient  Std. err.      z    P>|z|     [95% conf. interval]
-------------+----------------------------------------------------------------
         (1) |   .0610252   .1212437     0.50   0.615    -.1766082    .2986585
------------------------------------------------------------------------------

 ( 1)  [eq1]2.tert_PRS_BMI#3.BMIlate_cat = 0

------------------------------------------------------------------------------
          _t | Coefficient  Std. err.      z    P>|z|     [95% conf. interval]
-------------+----------------------------------------------------------------
         (1) |   .1916879   .2067707     0.93   0.354    -.2135752     .596951
------------------------------------------------------------------------------

 ( 1)  [eq1]3.tert_PRS_BMI#2.BMIlate_cat = 0

------------------------------------------------------------------------------
          _t | Coefficient  Std. err.      z    P>|z|     [95% conf. interval]
-------------+----------------------------------------------------------------
         (1) |   .3403058   .1417404     2.40   0.016     .0624997    .6181119
------------------------------------------------------------------------------

 ( 1)  [eq1]3.tert_PRS_BMI#3.BMIlate_cat = 0

------------------------------------------------------------------------------
          _t | Coefficient  Std. err.      z    P>|z|     [95% conf. interval]
-------------+----------------------------------------------------------------
         (1) |   .2622442   .1789912     1.47   0.143     -.088572    .6130604
------------------------------------------------------------------------------

         Failure _d: crstatus==1
   Analysis time _t: crtime
  Enter on or after: time BMIlate_age
        ID variable: twinnr

Iteration 0:   log pseudolikelihood = -5472.5395  
Iteration 1:   log pseudolikelihood = -5471.6191  
Iteration 2:   log pseudolikelihood = -5471.6191  

Competing-risks regression                        No. of obs      =      2,918
                                                  No. of subjects =      2,918
Failure event:   crstatus == 1                    No. failed      =        786
Competing event: crstatus == 2                    No. competing   =        551
                                                  No. censored    =      1,581

                                                  Wald chi2(5)    =      34.00
Log pseudolikelihood = -5471.6191                 Prob > chi2     =     0.0000

                             (Std. err. adjusted for 2,327 clusters in pairid)
------------------------------------------------------------------------------
             |               Robust
          _t |        SHR   std. err.      z    P>|z|     [95% conf. interval]
-------------+----------------------------------------------------------------
 BMIlate_cat |
          2  |   1.085782   .0848852     1.05   0.292     .9315298    1.265577
          3  |    1.31909   .1361376     2.68   0.007     1.077521    1.614817
             |
        educ |   .8723898   .0645872    -1.84   0.065      .754557    1.008624
       smoke |   1.099753   .0813455     1.29   0.199     .9513363    1.271323
             |
      studyn |
   TwinGene  |   .6992642   .0562986    -4.44   0.000     .5971865      .81879
------------------------------------------------------------------------------

 ( 1)  [eq1]2.BMIlate_cat = 0

------------------------------------------------------------------------------
          _t | Coefficient  Std. err.      z    P>|z|     [95% conf. interval]
-------------+----------------------------------------------------------------
         (1) |   .0823006   .0781788     1.05   0.292    -.0709271    .2355283
------------------------------------------------------------------------------

 ( 1)  [eq1]3.BMIlate_cat = 0

------------------------------------------------------------------------------
          _t | Coefficient  Std. err.      z    P>|z|     [95% conf. interval]
-------------+----------------------------------------------------------------
         (1) |   .2769423   .1032057     2.68   0.007     .0746629    .4792217
------------------------------------------------------------------------------

         Failure _d: crstatus==1
   Analysis time _t: crtime
  Enter on or after: time BMIlate_age
        ID variable: twinnr

Iteration 0:   log pseudolikelihood = -5475.5364  
Iteration 1:   log pseudolikelihood = -5474.5938  
Iteration 2:   log pseudolikelihood = -5474.5938  

Competing-risks regression                        No. of obs      =      2,918
                                                  No. of subjects =      2,918
Failure event:   crstatus == 1                    No. failed      =        786
Competing event: crstatus == 2                    No. competing   =        551
                                                  No. censored    =      1,581

                                                  Wald chi2(4)    =      27.76
Log pseudolikelihood = -5474.5938                 Prob > chi2     =     0.0000

                              (Std. err. adjusted for 2,327 clusters in pairid)
-------------------------------------------------------------------------------
              |               Robust
           _t |        SHR   std. err.      z    P>|z|     [95% conf. interval]
--------------+----------------------------------------------------------------
z_PRS_BMI_P~j |   1.037203   .0364952     1.04   0.299      .968084    1.111256
         educ |   .8645483   .0639526    -1.97   0.049     .7478662    .9994351
        smoke |   1.085501   .0804362     1.11   0.268     .9387622    1.255176
              |
       studyn |
    TwinGene  |   .7017062   .0565243    -4.40   0.000     .5992235    .8217162
-------------------------------------------------------------------------------

 ( 1)  [eq1]z_PRS_BMI_PCadj = 0

------------------------------------------------------------------------------
          _t | Coefficient  Std. err.      z    P>|z|     [95% conf. interval]
-------------+----------------------------------------------------------------
         (1) |   .0365273   .0351862     1.04   0.299    -.0324364    .1054911
------------------------------------------------------------------------------

         Failure _d: crstatus==1
   Analysis time _t: crtime
  Enter on or after: time BMIlate_age
        ID variable: twinnr

Iteration 0:   log pseudolikelihood = -5472.5123  
Iteration 1:   log pseudolikelihood = -5471.5734  
Iteration 2:   log pseudolikelihood = -5471.5733  

Competing-risks regression                        No. of obs      =      2,918
                                                  No. of subjects =      2,918
Failure event:   crstatus == 1                    No. failed      =        786
Competing event: crstatus == 2                    No. competing   =        551
                                                  No. censored    =      1,581

                                                  Wald chi2(6)    =      34.22
Log pseudolikelihood = -5471.5733                 Prob > chi2     =     0.0000

                              (Std. err. adjusted for 2,327 clusters in pairid)
-------------------------------------------------------------------------------
              |               Robust
           _t |        SHR   std. err.      z    P>|z|     [95% conf. interval]
--------------+----------------------------------------------------------------
  BMIlate_cat |
           2  |   1.081547    .085927     0.99   0.324     .9255903    1.263781
           3  |   1.306955   .1415805     2.47   0.013     1.056943    1.616107
              |
z_PRS_BMI_P~j |   1.011252   .0372731     0.30   0.761     .9407748     1.08701
         educ |   .8731107   .0646588    -1.83   0.067     .7551497    1.009498
        smoke |   1.097396   .0813368     1.25   0.210     .9490172    1.268974
              |
       studyn |
    TwinGene  |     .69953   .0563344    -4.44   0.000     .5973894    .8191344
-------------------------------------------------------------------------------

 ( 1)  [eq1]2.BMIlate_cat = 0

------------------------------------------------------------------------------
          _t | Coefficient  Std. err.      z    P>|z|     [95% conf. interval]
-------------+----------------------------------------------------------------
         (1) |   .0783921   .0794482     0.99   0.324    -.0773236    .2341077
------------------------------------------------------------------------------

 ( 1)  [eq1]3.BMIlate_cat = 0

------------------------------------------------------------------------------
          _t | Coefficient  Std. err.      z    P>|z|     [95% conf. interval]
-------------+----------------------------------------------------------------
         (1) |   .2677003   .1083285     2.47   0.013     .0553803    .4800203
------------------------------------------------------------------------------

 ( 1)  [eq1]z_PRS_BMI_PCadj = 0

------------------------------------------------------------------------------
          _t | Coefficient  Std. err.      z    P>|z|     [95% conf. interval]
-------------+----------------------------------------------------------------
         (1) |   .0111895   .0368584     0.30   0.761    -.0610515    .0834306
------------------------------------------------------------------------------

         Failure _d: crstatus==1
   Analysis time _t: crtime
  Enter on or after: time BMIlate_age
        ID variable: twinnr

Iteration 0:   log pseudolikelihood =    -5472.7  
Iteration 1:   log pseudolikelihood = -5471.5173  
Iteration 2:   log pseudolikelihood = -5471.5172  

Competing-risks regression                        No. of obs      =      2,918
                                                  No. of subjects =      2,918
Failure event:   crstatus == 1                    No. failed      =        786
Competing event: crstatus == 2                    No. competing   =        551
                                                  No. censored    =      1,581

                                                  Wald chi2(8)    =      34.23
Log pseudolikelihood = -5471.5172                 Prob > chi2     =     0.0000

                              (Std. err. adjusted for 2,327 clusters in pairid)
-------------------------------------------------------------------------------
              |               Robust
           _t |        SHR   std. err.      z    P>|z|     [95% conf. interval]
--------------+----------------------------------------------------------------
  BMIlate_cat |
           2  |   1.078649   .0858881     0.95   0.342     .9227893    1.260833
           3  |   1.318206   .1548893     2.35   0.019     1.047049    1.659585
              |
z_PRS_BMI_P~j |   1.023827   .0568243     0.42   0.671     .9182974    1.141484
              |
  BMIlate_cat#|
           c. |
z_PRS_BMI_P~j |
           2  |   .9832378   .0798708    -0.21   0.835     .8385198    1.152932
           3  |   .9674539    .102347    -0.31   0.754     .7862879    1.190362
              |
         educ |   .8736983   .0646613    -1.82   0.068     .7557273    1.010085
        smoke |   1.097459   .0814353     1.25   0.210     .9489123    1.269259
              |
       studyn |
    TwinGene  |   .6994922   .0563788    -4.43   0.000     .5972778    .8191989
-------------------------------------------------------------------------------

 ( 1)  [eq1]2.BMIlate_cat = 0

------------------------------------------------------------------------------
          _t | Coefficient  Std. err.      z    P>|z|     [95% conf. interval]
-------------+----------------------------------------------------------------
         (1) |   .0757091   .0796257     0.95   0.342    -.0803543    .2317725
------------------------------------------------------------------------------

 ( 1)  [eq1]3.BMIlate_cat = 0

------------------------------------------------------------------------------
          _t | Coefficient  Std. err.      z    P>|z|     [95% conf. interval]
-------------+----------------------------------------------------------------
         (1) |   .2762715   .1175001     2.35   0.019     .0459756    .5065674
------------------------------------------------------------------------------

 ( 1)  [eq1]z_PRS_BMI_PCadj = 0

------------------------------------------------------------------------------
          _t | Coefficient  Std. err.      z    P>|z|     [95% conf. interval]
-------------+----------------------------------------------------------------
         (1) |   .0235477   .0555019     0.42   0.671     -.085234    .1323294
------------------------------------------------------------------------------

 ( 1)  [eq1]2.BMIlate_cat#c.z_PRS_BMI_PCadj = 0

------------------------------------------------------------------------------
          _t | Coefficient  Std. err.      z    P>|z|     [95% conf. interval]
-------------+----------------------------------------------------------------
         (1) |  -.0169043   .0812325    -0.21   0.835     -.176117    .1423084
------------------------------------------------------------------------------

 ( 1)  [eq1]3.BMIlate_cat#c.z_PRS_BMI_PCadj = 0

------------------------------------------------------------------------------
          _t | Coefficient  Std. err.      z    P>|z|     [95% conf. interval]
-------------+----------------------------------------------------------------
         (1) |  -.0330875   .1057901    -0.31   0.754    -.2404323    .1742573
------------------------------------------------------------------------------

         Failure _d: crstatus==1
   Analysis time _t: crtime
  Enter on or after: time BMIlate_age
        ID variable: twinnr

Iteration 0:   log pseudolikelihood = -5471.3176  
Iteration 1:   log pseudolikelihood = -5470.0284  
Iteration 2:   log pseudolikelihood = -5470.0282  

Competing-risks regression                        No. of obs      =      2,918
                                                  No. of subjects =      2,918
Failure event:   crstatus == 1                    No. failed      =        786
Competing event: crstatus == 2                    No. competing   =        551
                                                  No. censored    =      1,581

                                                  Wald chi2(11)   =      37.04
Log pseudolikelihood = -5470.0282                 Prob > chi2     =     0.0001

                              (Std. err. adjusted for 2,327 clusters in pairid)
-------------------------------------------------------------------------------
              |               Robust
           _t |        SHR   std. err.      z    P>|z|     [95% conf. interval]
--------------+----------------------------------------------------------------
 tert_PRS_BMI |
           2  |    1.05263   .1324441     0.41   0.684     .8225753    1.347025
           3  |   1.030967   .1414101     0.22   0.824     .7879374    1.348956
              |
 tert_PRS_BMI#|
  BMIlate_cat |
         1 2  |   1.137569    .151074     0.97   0.332     .8768689    1.475778
         1 3  |   1.644655   .3674396     2.23   0.026     1.061462    2.548271
         2 2  |   1.034997     .13919     0.26   0.798     .7951815    1.347136
         2 3  |   1.017441   .2090975     0.08   0.933     .6801049    1.522097
         3 2  |   1.080819   .1558625     0.54   0.590     .8147101    1.433847
         3 3  |   1.375838   .2168077     2.02   0.043      1.01026    1.873707
              |
         educ |   .8754414   .0648211    -1.80   0.072     .7571829     1.01217
        smoke |      1.093   .0812517     1.20   0.232     .9448075    1.264436
              |
       studyn |
    TwinGene  |   .6950668   .0561944    -4.50   0.000     .5932108    .8144118
-------------------------------------------------------------------------------

 ( 1)  [eq1]1b.tert_PRS_BMI#2.BMIlate_cat = 0

------------------------------------------------------------------------------
          _t | Coefficient  Std. err.      z    P>|z|     [95% conf. interval]
-------------+----------------------------------------------------------------
         (1) |   .1288936   .1328042     0.97   0.332    -.1313978    .3891851
------------------------------------------------------------------------------

 ( 1)  [eq1]1b.tert_PRS_BMI#3.BMIlate_cat = 0

------------------------------------------------------------------------------
          _t | Coefficient  Std. err.      z    P>|z|     [95% conf. interval]
-------------+----------------------------------------------------------------
         (1) |   .4975308   .2234144     2.23   0.026     .0596468    .9354149
------------------------------------------------------------------------------

 ( 1)  [eq1]2.tert_PRS_BMI#2.BMIlate_cat = 0

------------------------------------------------------------------------------
          _t | Coefficient  Std. err.      z    P>|z|     [95% conf. interval]
-------------+----------------------------------------------------------------
         (1) |   .0343981   .1344836     0.26   0.798    -.2291848    .2979811
------------------------------------------------------------------------------

 ( 1)  [eq1]2.tert_PRS_BMI#3.BMIlate_cat = 0

------------------------------------------------------------------------------
          _t | Coefficient  Std. err.      z    P>|z|     [95% conf. interval]
-------------+----------------------------------------------------------------
         (1) |   .0172902   .2055132     0.08   0.933    -.3855082    .4200887
------------------------------------------------------------------------------

 ( 1)  [eq1]3.tert_PRS_BMI#2.BMIlate_cat = 0

------------------------------------------------------------------------------
          _t | Coefficient  Std. err.      z    P>|z|     [95% conf. interval]
-------------+----------------------------------------------------------------
         (1) |   .0777192   .1442078     0.54   0.590    -.2049229    .3603612
------------------------------------------------------------------------------

 ( 1)  [eq1]3.tert_PRS_BMI#3.BMIlate_cat = 0

------------------------------------------------------------------------------
          _t | Coefficient  Std. err.      z    P>|z|     [95% conf. interval]
-------------+----------------------------------------------------------------
         (1) |   .3190633   .1575822     2.02   0.043     .0102079    .6279188
------------------------------------------------------------------------------

. 
. postclose coxreg_cvd

. 
. /////////////////////////////////////////////////////////////////////////////
> ///////////////////////////////////
>                                                                              
>    ///// SAVING THE LOG/OUTPUT /////
> /////////////////////////////////////////////////////////////////////////////
> ///////////////////////////////////
> 
. log close
      name:  <unnamed>
       log:  P:\Dementia_IK\SfoEpi\GPdisc_CVD\Programs\GOSH\session.smcl
  log type:  smcl
 closed on:  25 Jan 2023, 09:36:31
-------------------------------------------------------------------------------
